Component: ARM Compiler 5.06 update 6 (build 750) Tool: armlink [4d35ed]

==============================================================================

Section Cross References

    startup_stm32f030x6.o(RESET) refers to startup_stm32f030x6.o(STACK) for __initial_sp
    startup_stm32f030x6.o(RESET) refers to startup_stm32f030x6.o(.text) for Reset_Handler
    startup_stm32f030x6.o(RESET) refers to stm32f0xx_it.o(i.NMI_Handler) for NMI_Handler
    startup_stm32f030x6.o(RESET) refers to stm32f0xx_it.o(i.HardFault_Handler) for HardFault_Handler
    startup_stm32f030x6.o(RESET) refers to stm32f0xx_it.o(i.SVC_Handler) for SVC_Handler
    startup_stm32f030x6.o(RESET) refers to stm32f0xx_it.o(i.PendSV_Handler) for PendSV_Handler
    startup_stm32f030x6.o(RESET) refers to stm32f0xx_it.o(i.SysTick_Handler) for SysTick_Handler
    startup_stm32f030x6.o(RESET) refers to stm32f0xx_it.o(i.DMA1_Channel2_3_IRQHandler) for DMA1_Channel2_3_IRQHandler
    startup_stm32f030x6.o(RESET) refers to stm32f0xx_it.o(i.TIM3_IRQHandler) for TIM3_IRQHandler
    startup_stm32f030x6.o(.text) refers to system_stm32f0xx.o(i.SystemInit) for SystemInit
    startup_stm32f030x6.o(.text) refers to entry.o(.ARM.Collect$$$$00000000) for __main
    main.o(i.ComplementaryFilter) refers to dflti.o(.text) for __aeabi_i2d
    main.o(i.ComplementaryFilter) refers to ddiv.o(.text) for __aeabi_ddiv
    main.o(i.ComplementaryFilter) refers to dmul.o(.text) for __aeabi_dmul
    main.o(i.ComplementaryFilter) refers to f2d.o(.text) for __aeabi_f2d
    main.o(i.ComplementaryFilter) refers to dadd.o(.text) for __aeabi_dadd
    main.o(i.ComplementaryFilter) refers to d2f.o(.text) for __aeabi_d2f
    main.o(i.ComplementaryFilter) refers to fflti.o(.text) for __aeabi_i2f
    main.o(i.ComplementaryFilter) refers to atan2f.o(i.atan2f) for atan2f
    main.o(i.ComplementaryFilter) refers to main.o(.data) for .data
    main.o(i.ComplexToMagnitude) refers to dmul.o(.text) for __aeabi_dmul
    main.o(i.ComplexToMagnitude) refers to dadd.o(.text) for __aeabi_dadd
    main.o(i.ComplexToMagnitude) refers to sqrt.o(i.sqrt) for sqrt
    main.o(i.Compute) refers to main.o(i.Swap) for Swap
    main.o(i.Compute) refers to dmul.o(.text) for __aeabi_dmul
    main.o(i.Compute) refers to dadd.o(.text) for __aeabi_dsub
    main.o(i.Compute) refers to dscalb.o(.text) for __ARM_scalbn
    main.o(i.Compute) refers to sqrt.o(i.sqrt) for sqrt
    main.o(i.HAL_TIM_PeriodElapsedCallback) refers to main.o(i.I2C_readData) for I2C_readData
    main.o(i.HAL_TIM_PeriodElapsedCallback) refers to main.o(i.ComplementaryFilter) for ComplementaryFilter
    main.o(i.HAL_TIM_PeriodElapsedCallback) refers to f2d.o(.text) for __aeabi_f2d
    main.o(i.HAL_TIM_PeriodElapsedCallback) refers to main.o(i.Windowing) for Windowing
    main.o(i.HAL_TIM_PeriodElapsedCallback) refers to main.o(i.Exponent) for Exponent
    main.o(i.HAL_TIM_PeriodElapsedCallback) refers to main.o(i.Compute) for Compute
    main.o(i.HAL_TIM_PeriodElapsedCallback) refers to main.o(i.ComplexToMagnitude) for ComplexToMagnitude
    main.o(i.HAL_TIM_PeriodElapsedCallback) refers to main.o(i.MajorPeak) for MajorPeak
    main.o(i.HAL_TIM_PeriodElapsedCallback) refers to round.o(i.round) for round
    main.o(i.HAL_TIM_PeriodElapsedCallback) refers to dfixi.o(.text) for __aeabi_d2iz
    main.o(i.HAL_TIM_PeriodElapsedCallback) refers to fflti.o(.text) for __aeabi_i2f
    main.o(i.HAL_TIM_PeriodElapsedCallback) refers to d2f.o(.text) for __aeabi_d2f
    main.o(i.HAL_TIM_PeriodElapsedCallback) refers to fadd.o(.text) for __aeabi_fsub
    main.o(i.HAL_TIM_PeriodElapsedCallback) refers to fmul.o(.text) for __aeabi_fmul
    main.o(i.HAL_TIM_PeriodElapsedCallback) refers to ffixi.o(.text) for __aeabi_f2iz
    main.o(i.HAL_TIM_PeriodElapsedCallback) refers to printf1.o(i.__0printf$1) for __2printf
    main.o(i.HAL_TIM_PeriodElapsedCallback) refers to main.o(.data) for .data
    main.o(i.HAL_TIM_PeriodElapsedCallback) refers to main.o(.bss) for .bss
    main.o(i.I2C_readData) refers to stm32f0xx_hal_i2c.o(i.HAL_I2C_Master_Transmit) for HAL_I2C_Master_Transmit
    main.o(i.I2C_readData) refers to stm32f0xx_hal_i2c.o(i.HAL_I2C_Master_Receive) for HAL_I2C_Master_Receive
    main.o(i.I2C_readData) refers to printf1.o(i.__0printf$1) for __2printf
    main.o(i.I2C_readData) refers to main.o(.data) for .data
    main.o(i.I2C_readData) refers to main.o(.bss) for .bss
    main.o(i.MPU_Config) refers to stm32f0xx_hal_i2c.o(i.HAL_I2C_Master_Transmit) for HAL_I2C_Master_Transmit
    main.o(i.MPU_Config) refers to main.o(.data) for .data
    main.o(i.MPU_Config) refers to main.o(.bss) for .bss
    main.o(i.MX_I2C1_Init) refers to stm32f0xx_hal_i2c.o(i.HAL_I2C_Init) for HAL_I2C_Init
    main.o(i.MX_I2C1_Init) refers to stm32f0xx_hal_i2c_ex.o(i.HAL_I2CEx_ConfigAnalogFilter) for HAL_I2CEx_ConfigAnalogFilter
    main.o(i.MX_I2C1_Init) refers to stm32f0xx_hal_i2c_ex.o(i.HAL_I2CEx_ConfigDigitalFilter) for HAL_I2CEx_ConfigDigitalFilter
[...]
    Removing stm32f0xx_hal_tim_ex.o(i.HAL_TIMEx_PWMN_Start_IT), (94 bytes).
    Removing stm32f0xx_hal_tim_ex.o(i.HAL_TIMEx_PWMN_Stop), (76 bytes).
    Removing stm32f0xx_hal_tim_ex.o(i.HAL_TIMEx_PWMN_Stop_DMA), (136 bytes).
    Removing stm32f0xx_hal_tim_ex.o(i.HAL_TIMEx_PWMN_Stop_IT), (136 bytes).
    Removing stm32f0xx_hal_tim_ex.o(i.HAL_TIMEx_RemapConfig), (30 bytes).
    Removing stm32f0xx_hal_tim_ex.o(i.TIMEx_DMACommutationCplt), (16 bytes).
    Removing stm32f0xx_hal_tim_ex.o(i.TIM_CCxNChannelCmd), (22 bytes).
    Removing stm32f0xx_hal_uart.o(.rev16_text), (4 bytes).
    Removing stm32f0xx_hal_uart.o(.revsh_text), (4 bytes).
    Removing stm32f0xx_hal_uart.o(i.HAL_HalfDuplex_EnableReceiver), (54 bytes).
    Removing stm32f0xx_hal_uart.o(i.HAL_HalfDuplex_EnableTransmitter), (54 bytes).
    Removing stm32f0xx_hal_uart.o(i.HAL_HalfDuplex_Init), (108 bytes).
    Removing stm32f0xx_hal_uart.o(i.HAL_MultiProcessor_DisableMuteMode), (46 bytes).
    Removing stm32f0xx_hal_uart.o(i.HAL_MultiProcessor_EnableMuteMode), (46 bytes).
    Removing stm32f0xx_hal_uart.o(i.HAL_MultiProcessor_EnterMuteMode), (12 bytes).
    Removing stm32f0xx_hal_uart.o(i.HAL_MultiProcessor_Init), (140 bytes).
    Removing stm32f0xx_hal_uart.o(i.HAL_UART_Abort), (120 bytes).
    Removing stm32f0xx_hal_uart.o(i.HAL_UART_AbortCpltCallback), (2 bytes).
    Removing stm32f0xx_hal_uart.o(i.HAL_UART_AbortReceive), (80 bytes).
    Removing stm32f0xx_hal_uart.o(i.HAL_UART_AbortReceiveCpltCallback), (2 bytes).
    Removing stm32f0xx_hal_uart.o(i.HAL_UART_AbortReceive_IT), (116 bytes).
    Removing stm32f0xx_hal_uart.o(i.HAL_UART_AbortTransmit), (62 bytes).
    Removing stm32f0xx_hal_uart.o(i.HAL_UART_AbortTransmitCpltCallback), (2 bytes).
    Removing stm32f0xx_hal_uart.o(i.HAL_UART_AbortTransmit_IT), (92 bytes).
    Removing stm32f0xx_hal_uart.o(i.HAL_UART_Abort_IT), (196 bytes).
    Removing stm32f0xx_hal_uart.o(i.HAL_UART_DMAPause), (94 bytes).
    Removing stm32f0xx_hal_uart.o(i.HAL_UART_DMAResume), (86 bytes).
    Removing stm32f0xx_hal_uart.o(i.HAL_UART_DMAStop), (88 bytes).
    Removing stm32f0xx_hal_uart.o(i.HAL_UART_DeInit), (62 bytes).
    Removing stm32f0xx_hal_uart.o(i.HAL_UART_ErrorCallback), (2 bytes).
    Removing stm32f0xx_hal_uart.o(i.HAL_UART_GetError), (4 bytes).
    Removing stm32f0xx_hal_uart.o(i.HAL_UART_GetState), (12 bytes).
    Removing stm32f0xx_hal_uart.o(i.HAL_UART_IRQHandler), (276 bytes).
    Removing stm32f0xx_hal_uart.o(i.HAL_UART_MspDeInit), (2 bytes).
    Removing stm32f0xx_hal_uart.o(i.HAL_UART_MspInit), (2 bytes).
    Removing stm32f0xx_hal_uart.o(i.HAL_UART_Receive), (228 bytes).
    Removing stm32f0xx_hal_uart.o(i.HAL_UART_Receive_DMA), (164 bytes).
    Removing stm32f0xx_hal_uart.o(i.HAL_UART_Receive_IT), (136 bytes).
    Removing stm32f0xx_hal_uart.o(i.HAL_UART_RxCpltCallback), (2 bytes).
    Removing stm32f0xx_hal_uart.o(i.HAL_UART_RxHalfCpltCallback), (2 bytes).
    Removing stm32f0xx_hal_uart.o(i.HAL_UART_Transmit_DMA), (152 bytes).
    Removing stm32f0xx_hal_uart.o(i.HAL_UART_Transmit_IT), (88 bytes).
    Removing stm32f0xx_hal_uart.o(i.HAL_UART_TxCpltCallback), (2 bytes).
    Removing stm32f0xx_hal_uart.o(i.HAL_UART_TxHalfCpltCallback), (2 bytes).
    Removing stm32f0xx_hal_uart.o(i.UART_DMAAbortOnError), (20 bytes).
    Removing stm32f0xx_hal_uart.o(i.UART_DMAError), (74 bytes).
    Removing stm32f0xx_hal_uart.o(i.UART_DMAReceiveCplt), (64 bytes).
    Removing stm32f0xx_hal_uart.o(i.UART_DMARxAbortCallback), (54 bytes).
    Removing stm32f0xx_hal_uart.o(i.UART_DMARxHalfCplt), (10 bytes).
    Removing stm32f0xx_hal_uart.o(i.UART_DMARxOnlyAbortCallback), (28 bytes).
    Removing stm32f0xx_hal_uart.o(i.UART_DMATransmitCplt), (48 bytes).
    Removing stm32f0xx_hal_uart.o(i.UART_DMATxAbortCallback), (54 bytes).
    Removing stm32f0xx_hal_uart.o(i.UART_DMATxHalfCplt), (10 bytes).
    Removing stm32f0xx_hal_uart.o(i.UART_DMATxOnlyAbortCallback), (22 bytes).
    Removing stm32f0xx_hal_uart.o(i.UART_EndRxTransfer), (30 bytes).
    Removing stm32f0xx_hal_uart.o(i.UART_EndTransmit_IT), (26 bytes).
    Removing stm32f0xx_hal_uart.o(i.UART_EndTxTransfer), (18 bytes).
    Removing stm32f0xx_hal_uart.o(i.UART_Receive_IT), (122 bytes).
    Removing stm32f0xx_hal_uart.o(i.UART_Transmit_IT), (102 bytes).
    Removing stm32f0xx_hal_uart_ex.o(.rev16_text), (4 bytes).
    Removing stm32f0xx_hal_uart_ex.o(.revsh_text), (4 bytes).
    Removing stm32f0xx_hal_uart_ex.o(i.HAL_MultiProcessorEx_AddressLength_Set), (54 bytes).
    Removing stm32f0xx_hal_uart_ex.o(i.HAL_RS485Ex_Init), (144 bytes).
    Removing stm32f0xx_hal_rcc.o(.rev16_text), (4 bytes).
    Removing stm32f0xx_hal_rcc.o(.revsh_text), (4 bytes).
    Removing stm32f0xx_hal_rcc.o(i.HAL_RCC_CSSCallback), (2 bytes).
    Removing stm32f0xx_hal_rcc.o(i.HAL_RCC_DeInit), (76 bytes).
    Removing stm32f0xx_hal_rcc.o(i.HAL_RCC_DisableCSS), (20 bytes).
    Removing stm32f0xx_hal_rcc.o(i.HAL_RCC_EnableCSS), (20 bytes).
    Removing stm32f0xx_hal_rcc.o(i.HAL_RCC_GetClockConfig), (56 bytes).
    Removing stm32f0xx_hal_rcc.o(i.HAL_RCC_GetOscConfig), (156 bytes).
    Removing stm32f0xx_hal_rcc.o(i.HAL_RCC_MCOConfig), (80 bytes).
    Removing stm32f0xx_hal_rcc.o(i.HAL_RCC_NMI_IRQHandler), (24 bytes).
    Removing stm32f0xx_hal_rcc_ex.o(.rev16_text), (4 bytes).
    Removing stm32f0xx_hal_rcc_ex.o(.revsh_text), (4 bytes).
    Removing stm32f0xx_hal_rcc_ex.o(i.HAL_RCCEx_GetPeriphCLKConfig), (44 bytes).
    Removing stm32f0xx_hal_rcc_ex.o(i.HAL_RCCEx_GetPeriphCLKFreq), (156 bytes).
    Removing stm32f0xx_hal.o(.rev16_text), (4 bytes).
    Removing stm32f0xx_hal.o(.revsh_text), (4 bytes).
    Removing stm32f0xx_hal.o(i.HAL_DBGMCU_DisableDBGStandbyMode), (16 bytes).
    Removing stm32f0xx_hal.o(i.HAL_DBGMCU_DisableDBGStopMode), (16 bytes).
    Removing stm32f0xx_hal.o(i.HAL_DBGMCU_EnableDBGStandbyMode), (16 bytes).
    Removing stm32f0xx_hal.o(i.HAL_DBGMCU_EnableDBGStopMode), (16 bytes).
    Removing stm32f0xx_hal.o(i.HAL_DeInit), (36 bytes).
    Removing stm32f0xx_hal.o(i.HAL_Delay), (28 bytes).
    Removing stm32f0xx_hal.o(i.HAL_GetDEVID), (16 bytes).
    Removing stm32f0xx_hal.o(i.HAL_GetHalVersion), (8 bytes).
    Removing stm32f0xx_hal.o(i.HAL_GetREVID), (12 bytes).
    Removing stm32f0xx_hal.o(i.HAL_GetUIDw0), (12 bytes).
    Removing stm32f0xx_hal.o(i.HAL_GetUIDw1), (12 bytes).
    Removing stm32f0xx_hal.o(i.HAL_GetUIDw2), (12 bytes).
    Removing stm32f0xx_hal.o(i.HAL_MspDeInit), (2 bytes).
    Removing stm32f0xx_hal.o(i.HAL_MspInit), (2 bytes).
    Removing stm32f0xx_hal.o(i.HAL_ResumeTick), (16 bytes).
    Removing stm32f0xx_hal.o(i.HAL_SuspendTick), (16 bytes).
    Removing stm32f0xx_hal_gpio.o(.rev16_text), (4 bytes).
    Removing stm32f0xx_hal_gpio.o(.revsh_text), (4 bytes).
    Removing stm32f0xx_hal_gpio.o(i.HAL_GPIO_DeInit), (212 bytes).
    Removing stm32f0xx_hal_gpio.o(i.HAL_GPIO_EXTI_Callback), (2 bytes).
    Removing stm32f0xx_hal_gpio.o(i.HAL_GPIO_EXTI_IRQHandler), (24 bytes).
    Removing stm32f0xx_hal_gpio.o(i.HAL_GPIO_LockPin), (36 bytes).
    Removing stm32f0xx_hal_gpio.o(i.HAL_GPIO_ReadPin), (10 bytes).
    Removing stm32f0xx_hal_gpio.o(i.HAL_GPIO_TogglePin), (8 bytes).
    Removing stm32f0xx_hal_dma.o(.rev16_text), (4 bytes).
    Removing stm32f0xx_hal_dma.o(.revsh_text), (4 bytes).
    Removing stm32f0xx_hal_dma.o(i.DMA_SetConfig), (40 bytes).
    Removing stm32f0xx_hal_dma.o(i.HAL_DMA_Abort), (44 bytes).
    Removing stm32f0xx_hal_dma.o(i.HAL_DMA_Abort_IT), (72 bytes).
    Removing stm32f0xx_hal_dma.o(i.HAL_DMA_DeInit), (66 bytes).
    Removing stm32f0xx_hal_dma.o(i.HAL_DMA_GetError), (4 bytes).
    Removing stm32f0xx_hal_dma.o(i.HAL_DMA_GetState), (6 bytes).
    Removing stm32f0xx_hal_dma.o(i.HAL_DMA_PollForTransfer), (176 bytes).
    Removing stm32f0xx_hal_dma.o(i.HAL_DMA_RegisterCallback), (72 bytes).
    Removing stm32f0xx_hal_dma.o(i.HAL_DMA_Start), (74 bytes).
    Removing stm32f0xx_hal_dma.o(i.HAL_DMA_Start_IT), (106 bytes).
    Removing stm32f0xx_hal_dma.o(i.HAL_DMA_UnRegisterCallback), (78 bytes).
    Removing stm32f0xx_hal_cortex.o(.rev16_text), (4 bytes).
    Removing stm32f0xx_hal_cortex.o(.revsh_text), (4 bytes).
    Removing stm32f0xx_hal_cortex.o(i.HAL_NVIC_ClearPendingIRQ), (20 bytes).
    Removing stm32f0xx_hal_cortex.o(i.HAL_NVIC_DisableIRQ), (20 bytes).
    Removing stm32f0xx_hal_cortex.o(i.HAL_NVIC_GetPendingIRQ), (28 bytes).
    Removing stm32f0xx_hal_cortex.o(i.HAL_NVIC_GetPriority), (52 bytes).
    Removing stm32f0xx_hal_cortex.o(i.HAL_NVIC_SetPendingIRQ), (20 bytes).
    Removing stm32f0xx_hal_cortex.o(i.HAL_NVIC_SystemReset), (28 bytes).
    Removing stm32f0xx_hal_pwr.o(.rev16_text), (4 bytes).
    Removing stm32f0xx_hal_pwr.o(.revsh_text), (4 bytes).
    Removing stm32f0xx_hal_pwr.o(i.HAL_PWR_DeInit), (24 bytes).
    Removing stm32f0xx_hal_pwr.o(i.HAL_PWR_DisableBkUpAccess), (16 bytes).
    Removing stm32f0xx_hal_pwr.o(i.HAL_PWR_DisableSEVOnPend), (16 bytes).
    Removing stm32f0xx_hal_pwr.o(i.HAL_PWR_DisableSleepOnExit), (16 bytes).
    Removing stm32f0xx_hal_pwr.o(i.HAL_PWR_DisableWakeUpPin), (16 bytes).
    Removing stm32f0xx_hal_pwr.o(i.HAL_PWR_EnableBkUpAccess), (16 bytes).
    Removing stm32f0xx_hal_pwr.o(i.HAL_PWR_EnableSEVOnPend), (16 bytes).
    Removing stm32f0xx_hal_pwr.o(i.HAL_PWR_EnableSleepOnExit), (16 bytes).
    Removing stm32f0xx_hal_pwr.o(i.HAL_PWR_EnableWakeUpPin), (16 bytes).
    Removing stm32f0xx_hal_pwr.o(i.HAL_PWR_EnterSLEEPMode), (32 bytes).
    Removing stm32f0xx_hal_pwr.o(i.HAL_PWR_EnterSTANDBYMode), (32 bytes).
    Removing stm32f0xx_hal_pwr.o(i.HAL_PWR_EnterSTOPMode), (52 bytes).
    Removing stm32f0xx_hal_pwr_ex.o(.rev16_text), (4 bytes).
    Removing stm32f0xx_hal_pwr_ex.o(.revsh_text), (4 bytes).
    Removing stm32f0xx_hal_flash.o(.rev16_text), (4 bytes).
    Removing stm32f0xx_hal_flash.o(.revsh_text), (4 bytes).
    Removing stm32f0xx_hal_flash.o(i.FLASH_Program_HalfWord), (32 bytes).
    Removing stm32f0xx_hal_flash.o(i.FLASH_SetErrorCode), (56 bytes).
    Removing stm32f0xx_hal_flash.o(i.FLASH_WaitForLastOperation), (80 bytes).
    Removing stm32f0xx_hal_flash.o(i.HAL_FLASH_EndOfOperationCallback), (2 bytes).
    Removing stm32f0xx_hal_flash.o(i.HAL_FLASH_GetError), (12 bytes).
    Removing stm32f0xx_hal_flash.o(i.HAL_FLASH_IRQHandler), (268 bytes).
    Removing stm32f0xx_hal_flash.o(i.HAL_FLASH_Lock), (20 bytes).
    Removing stm32f0xx_hal_flash.o(i.HAL_FLASH_OB_Launch), (32 bytes).
    Removing stm32f0xx_hal_flash.o(i.HAL_FLASH_OB_Lock), (20 bytes).
    Removing stm32f0xx_hal_flash.o(i.HAL_FLASH_OB_Unlock), (36 bytes).
    Removing stm32f0xx_hal_flash.o(i.HAL_FLASH_OperationErrorCallback), (2 bytes).
    Removing stm32f0xx_hal_flash.o(i.HAL_FLASH_Program), (124 bytes).
    Removing stm32f0xx_hal_flash.o(i.HAL_FLASH_Program_IT), (100 bytes).
    Removing stm32f0xx_hal_flash.o(i.HAL_FLASH_Unlock), (36 bytes).
    Removing stm32f0xx_hal_flash.o(.bss), (32 bytes).
    Removing stm32f0xx_hal_flash_ex.o(.rev16_text), (4 bytes).
    Removing stm32f0xx_hal_flash_ex.o(.revsh_text), (4 bytes).
    Removing stm32f0xx_hal_flash_ex.o(i.FLASH_MassErase), (36 bytes).
    Removing stm32f0xx_hal_flash_ex.o(i.FLASH_OB_GetRDP), (32 bytes).
    Removing stm32f0xx_hal_flash_ex.o(i.FLASH_OB_RDP_LevelConfig), (96 bytes).
    Removing stm32f0xx_hal_flash_ex.o(i.FLASH_PageErase), (36 bytes).
    Removing stm32f0xx_hal_flash_ex.o(i.HAL_FLASHEx_Erase), (160 bytes).
    Removing stm32f0xx_hal_flash_ex.o(i.HAL_FLASHEx_Erase_IT), (88 bytes).
    Removing stm32f0xx_hal_flash_ex.o(i.HAL_FLASHEx_OBErase), (80 bytes).
    Removing stm32f0xx_hal_flash_ex.o(i.HAL_FLASHEx_OBGetConfig), (36 bytes).
    Removing stm32f0xx_hal_flash_ex.o(i.HAL_FLASHEx_OBGetUserData), (28 bytes).
    Removing stm32f0xx_hal_flash_ex.o(i.HAL_FLASHEx_OBProgram), (328 bytes).
    Removing system_stm32f0xx.o(.rev16_text), (4 bytes).
    Removing system_stm32f0xx.o(.revsh_text), (4 bytes).
    Removing system_stm32f0xx.o(i.SystemCoreClockUpdate), (108 bytes).
    Removing dfixul.o(.text), (64 bytes).
    Removing stm32f0xx_hal_tim.o(i.__ARM_common_switch8), (26 bytes).

376 unused section(s) (total 25348 bytes) removed from the image.

==============================================================================

Image Symbol Table

    Local Symbols

    Symbol Name                              Value     Ov Type        Size  Object(Section)

    ..//Src/system_stm32f0xx.c               0x00000000   Number         0  system_stm32f0xx.o ABSOLUTE
    ../Drivers/STM32F0xx_HAL_Driver/Src/stm32f0xx_hal.c 0x00000000   Number         0  stm32f0xx_hal.o ABSOLUTE
    ../Drivers/STM32F0xx_HAL_Driver/Src/stm32f0xx_hal_cortex.c 0x00000000   Number         0  stm32f0xx_hal_cortex.o ABSOLUTE
    ../Drivers/STM32F0xx_HAL_Driver/Src/stm32f0xx_hal_dma.c 0x00000000   Number         0  stm32f0xx_hal_dma.o ABSOLUTE
    ../Drivers/STM32F0xx_HAL_Driver/Src/stm32f0xx_hal_flash.c 0x00000000   Number         0  stm32f0xx_hal_flash.o ABSOLUTE
    ../Drivers/STM32F0xx_HAL_Driver/Src/stm32f0xx_hal_flash_ex.c 0x00000000   Number         0  stm32f0xx_hal_flash_ex.o ABSOLUTE
    ../Drivers/STM32F0xx_HAL_Driver/Src/stm32f0xx_hal_gpio.c 0x00000000   Number         0  stm32f0xx_hal_gpio.o ABSOLUTE
    ../Drivers/STM32F0xx_HAL_Driver/Src/stm32f0xx_hal_i2c.c 0x00000000   Number         0  stm32f0xx_hal_i2c.o ABSOLUTE
    ../Drivers/STM32F0xx_HAL_Driver/Src/stm32f0xx_hal_i2c_ex.c 0x00000000   Number         0  stm32f0xx_hal_i2c_ex.o ABSOLUTE
    ../Drivers/STM32F0xx_HAL_Driver/Src/stm32f0xx_hal_pwr.c 0x00000000   Number         0  stm32f0xx_hal_pwr.o ABSOLUTE
    ../Drivers/STM32F0xx_HAL_Driver/Src/stm32f0xx_hal_pwr_ex.c 0x00000000   Number         0  stm32f0xx_hal_pwr_ex.o ABSOLUTE
    ../Drivers/STM32F0xx_HAL_Driver/Src/stm32f0xx_hal_rcc.c 0x00000000   Number         0  stm32f0xx_hal_rcc.o ABSOLUTE
    ../Drivers/STM32F0xx_HAL_Driver/Src/stm32f0xx_hal_rcc_ex.c 0x00000000   Number         0  stm32f0xx_hal_rcc_ex.o ABSOLUTE
    ../Drivers/STM32F0xx_HAL_Driver/Src/stm32f0xx_hal_tim.c 0x00000000   Number         0  stm32f0xx_hal_tim.o ABSOLUTE
    ../Drivers/STM32F0xx_HAL_Driver/Src/stm32f0xx_hal_tim_ex.c 0x00000000   Number         0  stm32f0xx_hal_tim_ex.o ABSOLUTE
    ../Drivers/STM32F0xx_HAL_Driver/Src/stm32f0xx_hal_uart.c 0x00000000   Number         0  stm32f0xx_hal_uart.o ABSOLUTE
    ../Drivers/STM32F0xx_HAL_Driver/Src/stm32f0xx_hal_uart_ex.c 0x00000000   Number         0  stm32f0xx_hal_uart_ex.o ABSOLUTE
    ../Src/main.c                            0x00000000   Number         0  main.o ABSOLUTE
    ../Src/stm32f0xx_hal_msp.c               0x00000000   Number         0  stm32f0xx_hal_msp.o ABSOLUTE
    ../Src/stm32f0xx_it.c                    0x00000000   Number         0  stm32f0xx_it.o ABSOLUTE
    ../clib/microlib/division.c              0x00000000   Number         0  uidiv.o ABSOLUTE
    ../clib/microlib/division.c              0x00000000   Number         0  uldiv.o ABSOLUTE
    ../clib/microlib/errno.c                 0x00000000   Number         0  errno.o ABSOLUTE
    ../clib/microlib/init/entry.s            0x00000000   Number         0  entry7b.o ABSOLUTE
    ../clib/microlib/init/entry.s            0x00000000   Number         0  entry11b.o ABSOLUTE
    ../clib/microlib/init/entry.s            0x00000000   Number         0  entry11a.o ABSOLUTE
    ../clib/microlib/init/entry.s            0x00000000   Number         0  entry10b.o ABSOLUTE
    ../clib/microlib/init/entry.s            0x00000000   Number         0  entry7a.o ABSOLUTE
    ../clib/microlib/init/entry.s            0x00000000   Number         0  entry2.o ABSOLUTE
    ../clib/microlib/init/entry.s            0x00000000   Number         0  entry5.o ABSOLUTE
    ../clib/microlib/init/entry.s            0x00000000   Number         0  entry10a.o ABSOLUTE
    ../clib/microlib/init/entry.s            0x00000000   Number         0  entry9b.o ABSOLUTE
    ../clib/microlib/init/entry.s            0x00000000   Number         0  entry9a.o ABSOLUTE
    ../clib/microlib/init/entry.s            0x00000000   Number         0  entry8b.o ABSOLUTE
    ../clib/microlib/init/entry.s            0x00000000   Number         0  entry8a.o ABSOLUTE
    ../clib/microlib/init/entry.s            0x00000000   Number         0  entry.o ABSOLUTE
    ../clib/microlib/longlong.c              0x00000000   Number         0  llshl.o ABSOLUTE
    ../clib/microlib/longlong.c              0x00000000   Number         0  llushr.o ABSOLUTE
    ../clib/microlib/longlong.c              0x00000000   Number         0  llsshr.o ABSOLUTE
    ../clib/microlib/printf/printf.c         0x00000000   Number         0  printf5.o ABSOLUTE
    ../clib/microlib/printf/printf.c         0x00000000   Number         0  printf6.o ABSOLUTE
    ../clib/microlib/printf/printf.c         0x00000000   Number         0  printf7.o ABSOLUTE
    ../clib/microlib/printf/printf.c         0x00000000   Number         0  printfb.o ABSOLUTE
    ../clib/microlib/printf/printf.c         0x00000000   Number         0  printf8.o ABSOLUTE
    ../clib/microlib/printf/printf.c         0x00000000   Number         0  printf0.o ABSOLUTE
    ../clib/microlib/printf/printf.c         0x00000000   Number         0  printfa.o ABSOLUTE
    ../clib/microlib/printf/printf.c         0x00000000   Number         0  printf1.o ABSOLUTE
    ../clib/microlib/printf/printf.c         0x00000000   Number         0  printf2.o ABSOLUTE
    ../clib/microlib/printf/printf.c         0x00000000   Number         0  printf3.o ABSOLUTE
    ../clib/microlib/printf/printf.c         0x00000000   Number         0  printf4.o ABSOLUTE
    ../clib/microlib/printf/stubs.s          0x00000000   Number         0  stubs.o ABSOLUTE
    ../clib/microlib/stdio/streams.c         0x00000000   Number         0  stdout.o ABSOLUTE
    ../clib/microlib/stubs.s                 0x00000000   Number         0  iusefp.o ABSOLUTE
    ../fplib/microlib/d2f.c                  0x00000000   Number         0  d2f.o ABSOLUTE
    ../fplib/microlib/f2d.c                  0x00000000   Number         0  f2d.o ABSOLUTE
    ../fplib/microlib/fpadd.c                0x00000000   Number         0  dadd.o ABSOLUTE
    ../fplib/microlib/fpadd.c                0x00000000   Number         0  fadd.o ABSOLUTE
    ../fplib/microlib/fpdiv.c                0x00000000   Number         0  ddiv.o ABSOLUTE
    ../fplib/microlib/fpdiv.c                0x00000000   Number         0  fdiv.o ABSOLUTE
    ../fplib/microlib/fpepilogue.c           0x00000000   Number         0  fepilogue.o ABSOLUTE
    ../fplib/microlib/fpepilogue.c           0x00000000   Number         0  depilogue.o ABSOLUTE
    ../fplib/microlib/fpfix.c                0x00000000   Number         0  ffixi.o ABSOLUTE
    ../fplib/microlib/fpfix.c                0x00000000   Number         0  dfixi.o ABSOLUTE
    ../fplib/microlib/fpfix.c                0x00000000   Number         0  dfixul.o ABSOLUTE
    ../fplib/microlib/fpflt.c                0x00000000   Number         0  dflti.o ABSOLUTE
    ../fplib/microlib/fpflt.c                0x00000000   Number         0  fflti.o ABSOLUTE
    ../fplib/microlib/fpflt.c                0x00000000   Number         0  dfltui.o ABSOLUTE
    ../fplib/microlib/fpmul.c                0x00000000   Number         0  fmul.o ABSOLUTE
    ../fplib/microlib/fpmul.c                0x00000000   Number         0  dmul.o ABSOLUTE
    ../fplib/microlib/fprnd.c                0x00000000   Number         0  drnd.o ABSOLUTE
    ../fplib/microlib/fpscalb.c              0x00000000   Number         0  dscalb.o ABSOLUTE
    ../fplib/microlib/fpscalb.c              0x00000000   Number         0  fscalb.o ABSOLUTE
    ../fplib/microlib/fpsqrt.c               0x00000000   Number         0  dsqrt.o ABSOLUTE
    ../mathlib/atan2f.c                      0x00000000   Number         0  atan2f.o ABSOLUTE
    ../mathlib/atan2f.c                      0x00000000   Number         0  atan2f_x.o ABSOLUTE
    ../mathlib/cos.c                         0x00000000   Number         0  cos_x.o ABSOLUTE
    ../mathlib/cos.c                         0x00000000   Number         0  cos.o ABSOLUTE
    ../mathlib/cos_i.c                       0x00000000   Number         0  cos_i.o ABSOLUTE
    ../mathlib/dunder.c                      0x00000000   Number         0  dunder.o ABSOLUTE
    ../mathlib/fpclassify.c                  0x00000000   Number         0  fpclassify.o ABSOLUTE
    ../mathlib/fpclassifyf.c                 0x00000000   Number         0  fpclassifyf.o ABSOLUTE
    ../mathlib/funder.c                      0x00000000   Number         0  funder.o ABSOLUTE
    ../mathlib/poly.c                        0x00000000   Number         0  poly.o ABSOLUTE
    ../mathlib/round.c                       0x00000000   Number         0  round.o ABSOLUTE
    ../mathlib/rred.c                        0x00000000   Number         0  rred.o ABSOLUTE
    ../mathlib/sin_i.c                       0x00000000   Number         0  sin_i.o ABSOLUTE
    ../mathlib/sin_i.c                       0x00000000   Number         0  sin_i_x.o ABSOLUTE
    ../mathlib/sqrt.c                        0x00000000   Number         0  sqrt_x.o ABSOLUTE
    ../mathlib/sqrt.c                        0x00000000   Number         0  sqrt.o ABSOLUTE
    ..\Drivers\STM32F0xx_HAL_Driver\Src\stm32f0xx_hal.c 0x00000000   Number         0  stm32f0xx_hal.o ABSOLUTE
    ..\Drivers\STM32F0xx_HAL_Driver\Src\stm32f0xx_hal_cortex.c 0x00000000   Number         0  stm32f0xx_hal_cortex.o ABSOLUTE
    ..\Drivers\STM32F0xx_HAL_Driver\Src\stm32f0xx_hal_dma.c 0x00000000   Number         0  stm32f0xx_hal_dma.o ABSOLUTE
    ..\Drivers\STM32F0xx_HAL_Driver\Src\stm32f0xx_hal_flash.c 0x00000000   Number         0  stm32f0xx_hal_flash.o ABSOLUTE
    ..\Drivers\STM32F0xx_HAL_Driver\Src\stm32f0xx_hal_flash_ex.c 0x00000000   Number         0  stm32f0xx_hal_flash_ex.o ABSOLUTE
    ..\Drivers\STM32F0xx_HAL_Driver\Src\stm32f0xx_hal_gpio.c 0x00000000   Number         0  stm32f0xx_hal_gpio.o ABSOLUTE
    ..\Drivers\STM32F0xx_HAL_Driver\Src\stm32f0xx_hal_i2c.c 0x00000000   Number         0  stm32f0xx_hal_i2c.o ABSOLUTE
    ..\Drivers\STM32F0xx_HAL_Driver\Src\stm32f0xx_hal_i2c_ex.c 0x00000000   Number         0  stm32f0xx_hal_i2c_ex.o ABSOLUTE
    ..\Drivers\STM32F0xx_HAL_Driver\Src\stm32f0xx_hal_pwr.c 0x00000000   Number         0  stm32f0xx_hal_pwr.o ABSOLUTE
    ..\Drivers\STM32F0xx_HAL_Driver\Src\stm32f0xx_hal_pwr_ex.c 0x00000000   Number         0  stm32f0xx_hal_pwr_ex.o ABSOLUTE
    ..\Drivers\STM32F0xx_HAL_Driver\Src\stm32f0xx_hal_rcc.c 0x00000000   Number         0  stm32f0xx_hal_rcc.o ABSOLUTE
    ..\Drivers\STM32F0xx_HAL_Driver\Src\stm32f0xx_hal_rcc_ex.c 0x00000000   Number         0  stm32f0xx_hal_rcc_ex.o ABSOLUTE
    ..\Drivers\STM32F0xx_HAL_Driver\Src\stm32f0xx_hal_tim.c 0x00000000   Number         0  stm32f0xx_hal_tim.o ABSOLUTE
    ..\Drivers\STM32F0xx_HAL_Driver\Src\stm32f0xx_hal_tim_ex.c 0x00000000   Number         0  stm32f0xx_hal_tim_ex.o ABSOLUTE
    ..\Drivers\STM32F0xx_HAL_Driver\Src\stm32f0xx_hal_uart.c 0x00000000   Number         0  stm32f0xx_hal_uart.o ABSOLUTE
    ..\Drivers\STM32F0xx_HAL_Driver\Src\stm32f0xx_hal_uart_ex.c 0x00000000   Number         0  stm32f0xx_hal_uart_ex.o ABSOLUTE
    ..\Src\main.c                            0x00000000   Number         0  main.o ABSOLUTE
    ..\Src\stm32f0xx_hal_msp.c               0x00000000   Number         0  stm32f0xx_hal_msp.o ABSOLUTE
    ..\Src\stm32f0xx_it.c                    0x00000000   Number         0  stm32f0xx_it.o ABSOLUTE
    ..\\Src\system_stm32f0xx.c               0x00000000   Number         0  system_stm32f0xx.o ABSOLUTE
    cdcmple.s                                0x00000000   Number         0  cdcmple.o ABSOLUTE
    cdrcmple.s                               0x00000000   Number         0  cdrcmple.o ABSOLUTE
    dc.s                                     0x00000000   Number         0  dc.o ABSOLUTE
    handlers.s                               0x00000000   Number         0  handlers.o ABSOLUTE
    init.s                                   0x00000000   Number         0  init.o ABSOLUTE
    startup_stm32f030x6.s                    0x00000000   Number         0  startup_stm32f030x6.o ABSOLUTE
    RESET                                    0x08000000   Section      176  startup_stm32f030x6.o(RESET)
    .ARM.Collect$$$$00000000                 0x080000b0   Section        0  entry.o(.ARM.Collect$$$$00000000)
    .ARM.Collect$$$$00000001                 0x080000b0   Section        4  entry2.o(.ARM.Collect$$$$00000001)
    .ARM.Collect$$$$00000004                 0x080000b4   Section        4  entry5.o(.ARM.Collect$$$$00000004)
    .ARM.Collect$$$$00000008                 0x080000b8   Section        0  entry7b.o(.ARM.Collect$$$$00000008)
    .ARM.Collect$$$$0000000A                 0x080000b8   Section        0  entry8b.o(.ARM.Collect$$$$0000000A)
    .ARM.Collect$$$$0000000B                 0x080000b8   Section        8  entry9a.o(.ARM.Collect$$$$0000000B)
    .ARM.Collect$$$$0000000D                 0x080000c0   Section        0  entry10a.o(.ARM.Collect$$$$0000000D)
    .ARM.Collect$$$$0000000F                 0x080000c0   Section        0  entry11a.o(.ARM.Collect$$$$0000000F)
    .ARM.Collect$$$$00002712                 0x080000c0   Section        4  entry2.o(.ARM.Collect$$$$00002712)
    __lit__00000000                          0x080000c0   Data           4  entry2.o(.ARM.Collect$$$$00002712)
    .text                                    0x080000c4   Section       28  startup_stm32f030x6.o(.text)
    .text                                    0x080000e0   Section        0  uidiv.o(.text)
    .text                                    0x0800010c   Section        0  llushr.o(.text)
    .text                                    0x0800012e   Section        0  fadd.o(.text)
    .text                                    0x080001e0   Section        0  fmul.o(.text)
    .text                                    0x0800025c   Section        0  dadd.o(.text)
    .text                                    0x080003c0   Section        0  dmul.o(.text)
    .text                                    0x08000490   Section        0  ddiv.o(.text)
    .text                                    0x08000580   Section        0  dscalb.o(.text)
    .text                                    0x080005ac   Section        0  fflti.o(.text)
    .text                                    0x080005c4   Section        0  dflti.o(.text)
    .text                                    0x080005ec   Section        0  dfltui.o(.text)
    .text                                    0x08000608   Section        0  ffixi.o(.text)
    .text                                    0x0800063c   Section        0  dfixi.o(.text)
    .text                                    0x08000684   Section        0  f2d.o(.text)
    .text                                    0x080006ac   Section       40  cdcmple.o(.text)
    .text                                    0x080006d4   Section       40  cdrcmple.o(.text)
    .text                                    0x080006fc   Section        0  d2f.o(.text)
    .text                                    0x08000734   Section        0  llshl.o(.text)
    .text                                    0x08000754   Section        0  llsshr.o(.text)
    .text                                    0x0800077a   Section        0  fepilogue.o(.text)
    .text                                    0x0800077a   Section        0  iusefp.o(.text)
    .text                                    0x080007fc   Section        0  fdiv.o(.text)
    .text                                    0x08000878   Section        0  depilogue.o(.text)
    .text                                    0x08000936   Section        0  dsqrt.o(.text)
    .text                                    0x080009d8   Section        0  drnd.o(.text)
    .text                                    0x08000a54   Section       36  init.o(.text)
    .text                                    0x08000a78   Section        0  fscalb.o(.text)
    i.ComplementaryFilter                    0x08000a90   Section        0  main.o(i.ComplementaryFilter)
    i.ComplexToMagnitude                     0x08000c08   Section        0  main.o(i.ComplexToMagnitude)
    i.Compute                                0x08000c50   Section        0  main.o(i.Compute)
    i.DMA1_Channel2_3_IRQHandler             0x08000e34   Section        0  stm32f0xx_it.o(i.DMA1_Channel2_3_IRQHandler)
    i.DMA_CalcBaseAndBitshift                0x08000e44   Section        0  stm32f0xx_hal_dma.o(i.DMA_CalcBaseAndBitshift)
    DMA_CalcBaseAndBitshift                  0x08000e45   Thumb Code    26  stm32f0xx_hal_dma.o(i.DMA_CalcBaseAndBitshift)
    i.Exponent                               0x08000e68   Section        0  main.o(i.Exponent)
    i.HAL_DMA_IRQHandler                     0x08000e7c   Section        0  stm32f0xx_hal_dma.o(i.HAL_DMA_IRQHandler)
    i.HAL_DMA_Init                           0x08000f18   Section        0  stm32f0xx_hal_dma.o(i.HAL_DMA_Init)
    i.HAL_GPIO_Init                          0x08000f70   Section        0  stm32f0xx_hal_gpio.o(i.HAL_GPIO_Init)
    i.HAL_GPIO_WritePin                      0x080010b8   Section        0  stm32f0xx_hal_gpio.o(i.HAL_GPIO_WritePin)
    i.HAL_GetTick                            0x080010c4   Section        0  stm32f0xx_hal.o(i.HAL_GetTick)
    i.HAL_I2CEx_ConfigAnalogFilter           0x080010d0   Section        0  stm32f0xx_hal_i2c_ex.o(i.HAL_I2CEx_ConfigAnalogFilter)
    i.HAL_I2CEx_ConfigDigitalFilter          0x0800111a   Section        0  stm32f0xx_hal_i2c_ex.o(i.HAL_I2CEx_ConfigDigitalFilter)
    i.HAL_I2C_Init                           0x08001164   Section        0  stm32f0xx_hal_i2c.o(i.HAL_I2C_Init)
    i.HAL_I2C_IsDeviceReady                  0x08001218   Section        0  stm32f0xx_hal_i2c.o(i.HAL_I2C_IsDeviceReady)
    i.HAL_I2C_Master_Receive                 0x08001334   Section        0  stm32f0xx_hal_i2c.o(i.HAL_I2C_Master_Receive)
    i.HAL_I2C_Master_Transmit                0x0800144c   Section        0  stm32f0xx_hal_i2c.o(i.HAL_I2C_Master_Transmit)
    i.HAL_I2C_MspInit                        0x08001564   Section        0  stm32f0xx_hal_msp.o(i.HAL_I2C_MspInit)
    i.HAL_IncTick                            0x080015b0   Section        0  stm32f0xx_hal.o(i.HAL_IncTick)
    i.HAL_Init                               0x080015c0   Section        0  stm32f0xx_hal.o(i.HAL_Init)
    i.HAL_InitTick                           0x080015e0   Section        0  stm32f0xx_hal.o(i.HAL_InitTick)
    i.HAL_MspInit                            0x08001604   Section        0  stm32f0xx_hal_msp.o(i.HAL_MspInit)
    i.HAL_NVIC_EnableIRQ                     0x08001648   Section        0  stm32f0xx_hal_cortex.o(i.HAL_NVIC_EnableIRQ)
    i.HAL_NVIC_SetPriority                   0x0800165c   Section        0  stm32f0xx_hal_cortex.o(i.HAL_NVIC_SetPriority)
    i.HAL_RCCEx_PeriphCLKConfig              0x08001664   Section        0  stm32f0xx_hal_rcc_ex.o(i.HAL_RCCEx_PeriphCLKConfig)
    i.HAL_RCC_ClockConfig                    0x0800174c   Section        0  stm32f0xx_hal_rcc.o(i.HAL_RCC_ClockConfig)
    i.HAL_RCC_GetHCLKFreq                    0x08001878   Section        0  stm32f0xx_hal_rcc.o(i.HAL_RCC_GetHCLKFreq)
    i.HAL_RCC_GetPCLK1Freq                   0x08001884   Section        0  stm32f0xx_hal_rcc.o(i.HAL_RCC_GetPCLK1Freq)
    i.HAL_RCC_GetSysClockFreq                0x080018a4   Section        0  stm32f0xx_hal_rcc.o(i.HAL_RCC_GetSysClockFreq)
    i.HAL_RCC_OscConfig                      0x0800191c   Section        0  stm32f0xx_hal_rcc.o(i.HAL_RCC_OscConfig)
    i.HAL_SYSTICK_CLKSourceConfig            0x08001c70   Section        0  stm32f0xx_hal_cortex.o(i.HAL_SYSTICK_CLKSourceConfig)
    i.HAL_SYSTICK_Callback                   0x08001c88   Section        0  stm32f0xx_hal_cortex.o(i.HAL_SYSTICK_Callback)
    i.HAL_SYSTICK_Config                     0x08001c8c   Section        0  stm32f0xx_hal_cortex.o(i.HAL_SYSTICK_Config)
    i.HAL_SYSTICK_IRQHandler                 0x08001cbc   Section        0  stm32f0xx_hal_cortex.o(i.HAL_SYSTICK_IRQHandler)
    i.HAL_TIMEx_BreakCallback                0x08001cc4   Section        0  stm32f0xx_hal_tim_ex.o(i.HAL_TIMEx_BreakCallback)
    i.HAL_TIMEx_CommutationCallback          0x08001cc6   Section        0  stm32f0xx_hal_tim_ex.o(i.HAL_TIMEx_CommutationCallback)
    i.HAL_TIMEx_MasterConfigSynchronization  0x08001cc8   Section        0  stm32f0xx_hal_tim_ex.o(i.HAL_TIMEx_MasterConfigSynchronization)
    i.HAL_TIM_Base_Init                      0x08001d10   Section        0  stm32f0xx_hal_tim.o(i.HAL_TIM_Base_Init)
    i.HAL_TIM_Base_MspInit                   0x08001d44   Section        0  stm32f0xx_hal_msp.o(i.HAL_TIM_Base_MspInit)
    i.HAL_TIM_Base_Start_IT                  0x08001d78   Section        0  stm32f0xx_hal_tim.o(i.HAL_TIM_Base_Start_IT)
    i.HAL_TIM_ConfigClockSource              0x08001d8e   Section        0  stm32f0xx_hal_tim.o(i.HAL_TIM_ConfigClockSource)
    i.HAL_TIM_IC_CaptureCallback             0x08001e7c   Section        0  stm32f0xx_hal_tim.o(i.HAL_TIM_IC_CaptureCallback)
    i.HAL_TIM_IRQHandler                     0x08001e7e   Section        0  stm32f0xx_hal_tim.o(i.HAL_TIM_IRQHandler)
    i.HAL_TIM_OC_DelayElapsedCallback        0x08001fe0   Section        0  stm32f0xx_hal_tim.o(i.HAL_TIM_OC_DelayElapsedCallback)
    i.HAL_TIM_PWM_PulseFinishedCallback      0x08001fe2   Section        0  stm32f0xx_hal_tim.o(i.HAL_TIM_PWM_PulseFinishedCallback)
    i.HAL_TIM_PeriodElapsedCallback          0x08001fe4   Section        0  main.o(i.HAL_TIM_PeriodElapsedCallback)
    i.HAL_TIM_TriggerCallback                0x080020c8   Section        0  stm32f0xx_hal_tim.o(i.HAL_TIM_TriggerCallback)
    i.HAL_UART_Init                          0x080020ca   Section        0  stm32f0xx_hal_uart.o(i.HAL_UART_Init)
    i.HAL_UART_MspInit                       0x08002138   Section        0  stm32f0xx_hal_msp.o(i.HAL_UART_MspInit)
    i.HAL_UART_Transmit                      0x080021d4   Section        0  stm32f0xx_hal_uart.o(i.HAL_UART_Transmit)
    i.HardFault_Handler                      0x0800229c   Section        0  stm32f0xx_it.o(i.HardFault_Handler)
    i.I2C_Flush_TXDR                         0x0800229e   Section        0  stm32f0xx_hal_i2c.o(i.I2C_Flush_TXDR)
    I2C_Flush_TXDR                           0x0800229f   Thumb Code    34  stm32f0xx_hal_i2c.o(i.I2C_Flush_TXDR)
    i.I2C_IsAcknowledgeFailed                0x080022c0   Section        0  stm32f0xx_hal_i2c.o(i.I2C_IsAcknowledgeFailed)
    I2C_IsAcknowledgeFailed                  0x080022c1   Thumb Code   110  stm32f0xx_hal_i2c.o(i.I2C_IsAcknowledgeFailed)
    i.I2C_TransferConfig                     0x08002334   Section        0  stm32f0xx_hal_i2c.o(i.I2C_TransferConfig)
    I2C_TransferConfig                       0x08002335   Thumb Code    30  stm32f0xx_hal_i2c.o(i.I2C_TransferConfig)
    i.I2C_WaitOnFlagUntilTimeout             0x08002358   Section        0  stm32f0xx_hal_i2c.o(i.I2C_WaitOnFlagUntilTimeout)
    I2C_WaitOnFlagUntilTimeout               0x08002359   Thumb Code    72  stm32f0xx_hal_i2c.o(i.I2C_WaitOnFlagUntilTimeout)
    i.I2C_WaitOnRXNEFlagUntilTimeout         0x080023a0   Section        0  stm32f0xx_hal_i2c.o(i.I2C_WaitOnRXNEFlagUntilTimeout)
    I2C_WaitOnRXNEFlagUntilTimeout           0x080023a1   Thumb Code   114  stm32f0xx_hal_i2c.o(i.I2C_WaitOnRXNEFlagUntilTimeout)
    i.I2C_WaitOnSTOPFlagUntilTimeout         0x08002418   Section        0  stm32f0xx_hal_i2c.o(i.I2C_WaitOnSTOPFlagUntilTimeout)
    I2C_WaitOnSTOPFlagUntilTimeout           0x08002419   Thumb Code    78  stm32f0xx_hal_i2c.o(i.I2C_WaitOnSTOPFlagUntilTimeout)
    i.I2C_WaitOnTXISFlagUntilTimeout         0x08002466   Section        0  stm32f0xx_hal_i2c.o(i.I2C_WaitOnTXISFlagUntilTimeout)
    I2C_WaitOnTXISFlagUntilTimeout           0x08002467   Thumb Code    82  stm32f0xx_hal_i2c.o(i.I2C_WaitOnTXISFlagUntilTimeout)
    i.I2C_readData                           0x080024b8   Section        0  main.o(i.I2C_readData)
    i.MPU_Config                             0x0800259c   Section        0  main.o(i.MPU_Config)
    i.MX_I2C1_Init                           0x080025ec   Section        0  main.o(i.MX_I2C1_Init)
    MX_I2C1_Init                             0x080025ed   Thumb Code    70  main.o(i.MX_I2C1_Init)
    i.MX_TIM3_Init                           0x08002640   Section        0  main.o(i.MX_TIM3_Init)
    MX_TIM3_Init                             0x08002641   Thumb Code    78  main.o(i.MX_TIM3_Init)
    i.MX_USART1_UART_Init                    0x0800269c   Section        0  main.o(i.MX_USART1_UART_Init)
    MX_USART1_UART_Init                      0x0800269d   Thumb Code    46  main.o(i.MX_USART1_UART_Init)
    i.MajorPeak                              0x080026d4   Section        0  main.o(i.MajorPeak)
    i.NMI_Handler                            0x08002800   Section        0  stm32f0xx_it.o(i.NMI_Handler)
    i.NVIC_SetPriority                       0x08002804   Section        0  stm32f0xx_hal_cortex.o(i.NVIC_SetPriority)
    NVIC_SetPriority                         0x08002805   Thumb Code    60  stm32f0xx_hal_cortex.o(i.NVIC_SetPriority)
    i.PendSV_Handler                         0x08002848   Section        0  stm32f0xx_it.o(i.PendSV_Handler)
    i.SVC_Handler                            0x0800284a   Section        0  stm32f0xx_it.o(i.SVC_Handler)
    i.Swap                                   0x0800284c   Section        0  main.o(i.Swap)
    i.SysTick_Handler                        0x0800285c   Section        0  stm32f0xx_it.o(i.SysTick_Handler)
    i.SystemClock_Config                     0x08002868   Section        0  main.o(i.SystemClock_Config)
    i.SystemInit                             0x080028d8   Section        0  system_stm32f0xx.o(i.SystemInit)
    i.TIM3_IRQHandler                        0x08002934   Section        0  stm32f0xx_it.o(i.TIM3_IRQHandler)
    i.TIM_Base_SetConfig                     0x08002944   Section        0  stm32f0xx_hal_tim.o(i.TIM_Base_SetConfig)
    i.TIM_ETR_SetConfig                      0x080029bc   Section        0  stm32f0xx_hal_tim.o(i.TIM_ETR_SetConfig)
    i.TIM_ITRx_SetConfig                     0x080029d2   Section        0  stm32f0xx_hal_tim.o(i.TIM_ITRx_SetConfig)
    TIM_ITRx_SetConfig                       0x080029d3   Thumb Code    16  stm32f0xx_hal_tim.o(i.TIM_ITRx_SetConfig)
    i.TIM_TI1_ConfigInputStage               0x080029e2   Section        0  stm32f0xx_hal_tim.o(i.TIM_TI1_ConfigInputStage)
    TIM_TI1_ConfigInputStage                 0x080029e3   Thumb Code    34  stm32f0xx_hal_tim.o(i.TIM_TI1_ConfigInputStage)
    i.TIM_TI2_ConfigInputStage               0x08002a04   Section        0  stm32f0xx_hal_tim.o(i.TIM_TI2_ConfigInputStage)
    TIM_TI2_ConfigInputStage                 0x08002a05   Thumb Code    38  stm32f0xx_hal_tim.o(i.TIM_TI2_ConfigInputStage)
    i.UART_AdvFeatureConfig                  0x08002a2a   Section        0  stm32f0xx_hal_uart.o(i.UART_AdvFeatureConfig)
    i.UART_CheckIdleState                    0x08002af4   Section        0  stm32f0xx_hal_uart.o(i.UART_CheckIdleState)
    i.UART_SetConfig                         0x08002b08   Section        0  stm32f0xx_hal_uart.o(i.UART_SetConfig)
    i.UART_WaitOnFlagUntilTimeout            0x08002c1c   Section        0  stm32f0xx_hal_uart.o(i.UART_WaitOnFlagUntilTimeout)
    i.Windowing                              0x08002c80   Section        0  main.o(i.Windowing)
    i._Error_Handler                         0x08002d2c   Section        0  main.o(i._Error_Handler)
    i.__0printf$1                            0x08002d30   Section        0  printf1.o(i.__0printf$1)
    i.__ARM_clz                              0x08002d50   Section        0  depilogue.o(i.__ARM_clz)
    i.__ARM_common_ll_muluu                  0x08002d7e   Section        0  rred.o(i.__ARM_common_ll_muluu)
    i.__ARM_fpclassify                       0x08002db0   Section        0  fpclassify.o(i.__ARM_fpclassify)
    i.__ARM_fpclassifyf                      0x08002ddc   Section        0  fpclassifyf.o(i.__ARM_fpclassifyf)
    i.__ieee754_rem_pio2                     0x08002e00   Section        0  rred.o(i.__ieee754_rem_pio2)
    i.__kernel_cos                           0x0800319c   Section        0  cos_i.o(i.__kernel_cos)
    i.__kernel_poly                          0x08003290   Section        0  poly.o(i.__kernel_poly)
    i.__kernel_sin                           0x0800333c   Section        0  sin_i.o(i.__kernel_sin)
    i.__mathlib_dbl_infnan                   0x08003428   Section        0  dunder.o(i.__mathlib_dbl_infnan)
    i.__mathlib_dbl_invalid                  0x08003432   Section        0  dunder.o(i.__mathlib_dbl_invalid)
    i.__mathlib_dbl_underflow                0x08003444   Section        0  dunder.o(i.__mathlib_dbl_underflow)
    i.__mathlib_flt_infnan2                  0x08003458   Section        0  funder.o(i.__mathlib_flt_infnan2)
    i.__mathlib_flt_underflow                0x08003460   Section        0  funder.o(i.__mathlib_flt_underflow)
    i.__scatterload_copy                     0x0800346e   Section       14  handlers.o(i.__scatterload_copy)
    i.__scatterload_null                     0x0800347c   Section        2  handlers.o(i.__scatterload_null)
    i.__scatterload_zeroinit                 0x0800347e   Section       14  handlers.o(i.__scatterload_zeroinit)
    i.__set_errno                            0x0800348c   Section        0  errno.o(i.__set_errno)
    i._printf_core                           0x08003498   Section        0  printf1.o(i._printf_core)
    _printf_core                             0x08003499   Thumb Code   332  printf1.o(i._printf_core)
    i.atan2f                                 0x080035e8   Section        0  atan2f.o(i.atan2f)
    i.cos                                    0x08003844   Section        0  cos.o(i.cos)
    i.fputc                                  0x080038dc   Section        0  main.o(i.fputc)
    i.main                                   0x080038f8   Section        0  main.o(i.main)
    i.round                                  0x080039c0   Section        0  round.o(i.round)
    i.sqrt                                   0x08003a5c   Section        0  sqrt.o(i.sqrt)
    .constdata                               0x08003aa4   Section       16  system_stm32f0xx.o(.constdata)
    .constdata                               0x08003ab4   Section        8  system_stm32f0xx.o(.constdata)
    .constdata                               0x08003ac0   Section       48  cos_i.o(.constdata)
    C                                        0x08003ac0   Data          48  cos_i.o(.constdata)
    .constdata                               0x08003af0   Section      200  rred.o(.constdata)
    pio2s                                    0x08003af0   Data          48  rred.o(.constdata)
    twooverpi                                0x08003b20   Data         152  rred.o(.constdata)
    .constdata                               0x08003bb8   Section       40  sin_i.o(.constdata)
    S                                        0x08003bb8   Data          40  sin_i.o(.constdata)
    .data                                    0x20000000   Section       32  main.o(.data)
    n                                        0x2000000c   Data           4  main.o(.data)
    .data                                    0x20000020   Section        4  stm32f0xx_hal.o(.data)
    .data                                    0x20000024   Section        4  system_stm32f0xx.o(.data)
    .data                                    0x20000028   Section        4  stdout.o(.data)
    .data                                    0x2000002c   Section        4  errno.o(.data)
    _errno                                   0x2000002c   Data           4  errno.o(.data)
    .bss                                     0x20000030   Section     2304  main.o(.bss)
    .bss                                     0x20000930   Section       68  main.o(.bss)
    STACK                                    0x20000978   Section     1024  startup_stm32f030x6.o(STACK)

    Global Symbols

    Symbol Name                              Value     Ov Type        Size  Object(Section)

    BuildAttributes$$THM_ISAv3M$S$PE$A:L22$X:L11$S22$IEEE1$IW$USESV6$~STKCKD$USESV7$~SHL$OTIME$ROPI$IEEEX$EBA8$MICROLIB$REQ8$PRES8$EABIv2 0x00000000   Number         0  anon$$obj.o ABSOLUTE
    __ARM_use_no_argv                        0x00000000   Number         0  main.o ABSOLUTE
    _printf_a                                0x00000000   Number         0  stubs.o ABSOLUTE
    _printf_c                                0x00000000   Number         0  stubs.o ABSOLUTE
    _printf_charcount                        0x00000000   Number         0  stubs.o ABSOLUTE
    _printf_d                                0x00000000   Number         0  stubs.o ABSOLUTE
    _printf_e                                0x00000000   Number         0  stubs.o ABSOLUTE
    _printf_f                                0x00000000   Number         0  stubs.o ABSOLUTE
    _printf_flags                            0x00000000   Number         0  stubs.o ABSOLUTE
    _printf_fp_dec                           0x00000000   Number         0  stubs.o ABSOLUTE
    _printf_fp_hex                           0x00000000   Number         0  stubs.o ABSOLUTE
    _printf_g                                0x00000000   Number         0  stubs.o ABSOLUTE
    _printf_i                                0x00000000   Number         0  stubs.o ABSOLUTE
    _printf_int_dec                          0x00000000   Number         0  stubs.o ABSOLUTE
    _printf_l                                0x00000000   Number         0  stubs.o ABSOLUTE
    _printf_lc                               0x00000000   Number         0  stubs.o ABSOLUTE
    _printf_ll                               0x00000000   Number         0  stubs.o ABSOLUTE
    _printf_lld                              0x00000000   Number         0  stubs.o ABSOLUTE
    _printf_lli                              0x00000000   Number         0  stubs.o ABSOLUTE
    _printf_llo                              0x00000000   Number         0  stubs.o ABSOLUTE
    _printf_llu                              0x00000000   Number         0  stubs.o ABSOLUTE
    _printf_llx                              0x00000000   Number         0  stubs.o ABSOLUTE
    _printf_longlong_dec                     0x00000000   Number         0  stubs.o ABSOLUTE
    _printf_longlong_hex                     0x00000000   Number         0  stubs.o ABSOLUTE
    _printf_longlong_oct                     0x00000000   Number         0  stubs.o ABSOLUTE
    _printf_ls                               0x00000000   Number         0  stubs.o ABSOLUTE
    _printf_mbtowc                           0x00000000   Number         0  stubs.o ABSOLUTE
    _printf_n                                0x00000000   Number         0  stubs.o ABSOLUTE
    _printf_o                                0x00000000   Number         0  stubs.o ABSOLUTE
    _printf_p                                0x00000000   Number         0  stubs.o ABSOLUTE
    _printf_percent                          0x00000000   Number         0  stubs.o ABSOLUTE
    _printf_pre_padding                      0x00000000   Number         0  stubs.o ABSOLUTE
    _printf_return_value                     0x00000000   Number         0  stubs.o ABSOLUTE
    _printf_s                                0x00000000   Number         0  stubs.o ABSOLUTE
    _printf_sizespec                         0x00000000   Number         0  stubs.o ABSOLUTE
    _printf_str                              0x00000000   Number         0  stubs.o ABSOLUTE
    _printf_truncate_signed                  0x00000000   Number         0  stubs.o ABSOLUTE
    _printf_truncate_unsigned                0x00000000   Number         0  stubs.o ABSOLUTE
    _printf_u                                0x00000000   Number         0  stubs.o ABSOLUTE
    _printf_wc                               0x00000000   Number         0  stubs.o ABSOLUTE
    _printf_wctomb                           0x00000000   Number         0  stubs.o ABSOLUTE
    _printf_widthprec                        0x00000000   Number         0  stubs.o ABSOLUTE
    _printf_x                                0x00000000   Number         0  stubs.o ABSOLUTE
    __cpp_initialize__aeabi_                  - Undefined Weak Reference
    __cxa_finalize                            - Undefined Weak Reference
    __decompress                              - Undefined Weak Reference
    _clock_init                               - Undefined Weak Reference
    _microlib_exit                            - Undefined Weak Reference
    __Vectors_Size                           0x000000b0   Number         0  startup_stm32f030x6.o ABSOLUTE
    __Vectors                                0x08000000   Data           4  startup_stm32f030x6.o(RESET)
    __Vectors_End                            0x080000b0   Data           0  startup_stm32f030x6.o(RESET)
    __main                                   0x080000b1   Thumb Code     0  entry.o(.ARM.Collect$$$$00000000)
    _main_stk                                0x080000b1   Thumb Code     0  entry2.o(.ARM.Collect$$$$00000001)
    _main_scatterload                        0x080000b5   Thumb Code     0  entry5.o(.ARM.Collect$$$$00000004)
    __main_after_scatterload                 0x080000b9   Thumb Code     0  entry5.o(.ARM.Collect$$$$00000004)
    _main_clock                              0x080000b9   Thumb Code     0  entry7b.o(.ARM.Collect$$$$00000008)
    _main_cpp_init                           0x080000b9   Thumb Code     0  entry8b.o(.ARM.Collect$$$$0000000A)
    _main_init                               0x080000b9   Thumb Code     0  entry9a.o(.ARM.Collect$$$$0000000B)
    __rt_final_cpp                           0x080000c1   Thumb Code     0  entry10a.o(.ARM.Collect$$$$0000000D)
    __rt_final_exit                          0x080000c1   Thumb Code     0  entry11a.o(.ARM.Collect$$$$0000000F)
    Reset_Handler                            0x080000c5   Thumb Code     8  startup_stm32f030x6.o(.text)
    ADC1_IRQHandler                          0x080000d7   Thumb Code     0  startup_stm32f030x6.o(.text)
    DMA1_Channel1_IRQHandler                 0x080000d7   Thumb Code     0  startup_stm32f030x6.o(.text)
    DMA1_Channel4_5_IRQHandler               0x080000d7   Thumb Code     0  startup_stm32f030x6.o(.text)
    EXTI0_1_IRQHandler                       0x080000d7   Thumb Code     0  startup_stm32f030x6.o(.text)
    EXTI2_3_IRQHandler                       0x080000d7   Thumb Code     0  startup_stm32f030x6.o(.text)
    EXTI4_15_IRQHandler                      0x080000d7   Thumb Code     0  startup_stm32f030x6.o(.text)
    FLASH_IRQHandler                         0x080000d7   Thumb Code     0  startup_stm32f030x6.o(.text)
    I2C1_IRQHandler                          0x080000d7   Thumb Code     0  startup_stm32f030x6.o(.text)
    RCC_IRQHandler                           0x080000d7   Thumb Code     0  startup_stm32f030x6.o(.text)
    RTC_IRQHandler                           0x080000d7   Thumb Code     0  startup_stm32f030x6.o(.text)
    SPI1_IRQHandler                          0x080000d7   Thumb Code     0  startup_stm32f030x6.o(.text)
    TIM14_IRQHandler                         0x080000d7   Thumb Code     0  startup_stm32f030x6.o(.text)
    TIM16_IRQHandler                         0x080000d7   Thumb Code     0  startup_stm32f030x6.o(.text)
    TIM17_IRQHandler                         0x080000d7   Thumb Code     0  startup_stm32f030x6.o(.text)
    TIM1_BRK_UP_TRG_COM_IRQHandler           0x080000d7   Thumb Code     0  startup_stm32f030x6.o(.text)
    TIM1_CC_IRQHandler                       0x080000d7   Thumb Code     0  startup_stm32f030x6.o(.text)
    USART1_IRQHandler                        0x080000d7   Thumb Code     0  startup_stm32f030x6.o(.text)
    WWDG_IRQHandler                          0x080000d7   Thumb Code     0  startup_stm32f030x6.o(.text)
    __aeabi_uidiv                            0x080000e1   Thumb Code     0  uidiv.o(.text)
    __aeabi_uidivmod                         0x080000e1   Thumb Code    44  uidiv.o(.text)
    __aeabi_llsr                             0x0800010d   Thumb Code    34  llushr.o(.text)
    _ll_ushift_r                             0x0800010d   Thumb Code     0  llushr.o(.text)
    __aeabi_fadd                             0x0800012f   Thumb Code   162  fadd.o(.text)
    __aeabi_fsub                             0x080001d1   Thumb Code     8  fadd.o(.text)
    __aeabi_frsub                            0x080001d9   Thumb Code     8  fadd.o(.text)
    __aeabi_fmul                             0x080001e1   Thumb Code   122  fmul.o(.text)
    __aeabi_dadd                             0x0800025d   Thumb Code   328  dadd.o(.text)
    __aeabi_dsub                             0x080003a5   Thumb Code    12  dadd.o(.text)
    __aeabi_drsub                            0x080003b1   Thumb Code    12  dadd.o(.text)
    __aeabi_dmul                             0x080003c1   Thumb Code   202  dmul.o(.text)
    __aeabi_ddiv                             0x08000491   Thumb Code   234  ddiv.o(.text)
    __ARM_scalbn                             0x08000581   Thumb Code    44  dscalb.o(.text)
    scalbn                                   0x08000581   Thumb Code     0  dscalb.o(.text)
    __aeabi_i2f                              0x080005ad   Thumb Code    22  fflti.o(.text)
    __aeabi_i2d                              0x080005c5   Thumb Code    34  dflti.o(.text)
    __aeabi_ui2d                             0x080005ed   Thumb Code    24  dfltui.o(.text)
    __aeabi_f2iz                             0x08000609   Thumb Code    50  ffixi.o(.text)
    __aeabi_d2iz                             0x0800063d   Thumb Code    62  dfixi.o(.text)
    __aeabi_f2d                              0x08000685   Thumb Code    40  f2d.o(.text)
    __aeabi_cdcmpeq                          0x080006ad   Thumb Code     0  cdcmple.o(.text)
    __aeabi_cdcmple                          0x080006ad   Thumb Code    38  cdcmple.o(.text)
    __aeabi_cdrcmple                         0x080006d5   Thumb Code    38  cdrcmple.o(.text)
    __aeabi_d2f                              0x080006fd   Thumb Code    56  d2f.o(.text)
    __aeabi_llsl                             0x08000735   Thumb Code    32  llshl.o(.text)
    _ll_shift_l                              0x08000735   Thumb Code     0  llshl.o(.text)
    __aeabi_lasr                             0x08000755   Thumb Code    38  llsshr.o(.text)
    _ll_sshift_r                             0x08000755   Thumb Code     0  llsshr.o(.text)
    __I$use$fp                               0x0800077b   Thumb Code     0  iusefp.o(.text)
    _float_round                             0x0800077b   Thumb Code    16  fepilogue.o(.text)
    _float_epilogue                          0x0800078b   Thumb Code   114  fepilogue.o(.text)
    __aeabi_fdiv                             0x080007fd   Thumb Code   124  fdiv.o(.text)
    _double_round                            0x08000879   Thumb Code    26  depilogue.o(.text)
    _double_epilogue                         0x08000893   Thumb Code   164  depilogue.o(.text)
    _dsqrt                                   0x08000937   Thumb Code   162  dsqrt.o(.text)
    _drnd                                    0x080009d9   Thumb Code   114  drnd.o(.text)
    __scatterload                            0x08000a55   Thumb Code    28  init.o(.text)
    __scatterload_rt2                        0x08000a55   Thumb Code     0  init.o(.text)
    __ARM_scalbnf                            0x08000a79   Thumb Code    24  fscalb.o(.text)
    scalbnf                                  0x08000a79   Thumb Code     0  fscalb.o(.text)
    ComplementaryFilter                      0x08000a91   Thumb Code   326  main.o(i.ComplementaryFilter)
    ComplexToMagnitude                       0x08000c09   Thumb Code    70  main.o(i.ComplexToMagnitude)
    Compute                                  0x08000c51   Thumb Code   476  main.o(i.Compute)
    DMA1_Channel2_3_IRQHandler               0x08000e35   Thumb Code    10  stm32f0xx_it.o(i.DMA1_Channel2_3_IRQHandler)
    Exponent                                 0x08000e69   Thumb Code    20  main.o(i.Exponent)
    HAL_DMA_IRQHandler                       0x08000e7d   Thumb Code   156  stm32f0xx_hal_dma.o(i.HAL_DMA_IRQHandler)
    HAL_DMA_Init                             0x08000f19   Thumb Code    84  stm32f0xx_hal_dma.o(i.HAL_DMA_Init)
    HAL_GPIO_Init                            0x08000f71   Thumb Code   302  stm32f0xx_hal_gpio.o(i.HAL_GPIO_Init)
    HAL_GPIO_WritePin                        0x080010b9   Thumb Code    12  stm32f0xx_hal_gpio.o(i.HAL_GPIO_WritePin)
    HAL_GetTick                              0x080010c5   Thumb Code     6  stm32f0xx_hal.o(i.HAL_GetTick)
    HAL_I2CEx_ConfigAnalogFilter             0x080010d1   Thumb Code    74  stm32f0xx_hal_i2c_ex.o(i.HAL_I2CEx_ConfigAnalogFilter)
    HAL_I2CEx_ConfigDigitalFilter            0x0800111b   Thumb Code    72  stm32f0xx_hal_i2c_ex.o(i.HAL_I2CEx_ConfigDigitalFilter)
    HAL_I2C_Init                             0x08001165   Thumb Code   176  stm32f0xx_hal_i2c.o(i.HAL_I2C_Init)
    HAL_I2C_IsDeviceReady                    0x08001219   Thumb Code   280  stm32f0xx_hal_i2c.o(i.HAL_I2C_IsDeviceReady)
    HAL_I2C_Master_Receive                   0x08001335   Thumb Code   274  stm32f0xx_hal_i2c.o(i.HAL_I2C_Master_Receive)
    HAL_I2C_Master_Transmit                  0x0800144d   Thumb Code   274  stm32f0xx_hal_i2c.o(i.HAL_I2C_Master_Transmit)
    HAL_I2C_MspInit                          0x08001565   Thumb Code    66  stm32f0xx_hal_msp.o(i.HAL_I2C_MspInit)
    HAL_IncTick                              0x080015b1   Thumb Code    10  stm32f0xx_hal.o(i.HAL_IncTick)
    HAL_Init                                 0x080015c1   Thumb Code    26  stm32f0xx_hal.o(i.HAL_Init)
    HAL_InitTick                             0x080015e1   Thumb Code    34  stm32f0xx_hal.o(i.HAL_InitTick)
    HAL_MspInit                              0x08001605   Thumb Code    64  stm32f0xx_hal_msp.o(i.HAL_MspInit)
    HAL_NVIC_EnableIRQ                       0x08001649   Thumb Code    14  stm32f0xx_hal_cortex.o(i.HAL_NVIC_EnableIRQ)
    HAL_NVIC_SetPriority                     0x0800165d   Thumb Code     8  stm32f0xx_hal_cortex.o(i.HAL_NVIC_SetPriority)
    HAL_RCCEx_PeriphCLKConfig                0x08001665   Thumb Code   218  stm32f0xx_hal_rcc_ex.o(i.HAL_RCCEx_PeriphCLKConfig)
    HAL_RCC_ClockConfig                      0x0800174d   Thumb Code   280  stm32f0xx_hal_rcc.o(i.HAL_RCC_ClockConfig)
    HAL_RCC_GetHCLKFreq                      0x08001879   Thumb Code     6  stm32f0xx_hal_rcc.o(i.HAL_RCC_GetHCLKFreq)
    HAL_RCC_GetPCLK1Freq                     0x08001885   Thumb Code    20  stm32f0xx_hal_rcc.o(i.HAL_RCC_GetPCLK1Freq)
    HAL_RCC_GetSysClockFreq                  0x080018a5   Thumb Code    76  stm32f0xx_hal_rcc.o(i.HAL_RCC_GetSysClockFreq)
    HAL_RCC_OscConfig                        0x0800191d   Thumb Code   840  stm32f0xx_hal_rcc.o(i.HAL_RCC_OscConfig)
    HAL_SYSTICK_CLKSourceConfig              0x08001c71   Thumb Code    20  stm32f0xx_hal_cortex.o(i.HAL_SYSTICK_CLKSourceConfig)
    HAL_SYSTICK_Callback                     0x08001c89   Thumb Code     2  stm32f0xx_hal_cortex.o(i.HAL_SYSTICK_Callback)
    HAL_SYSTICK_Config                       0x08001c8d   Thumb Code    38  stm32f0xx_hal_cortex.o(i.HAL_SYSTICK_Config)
    HAL_SYSTICK_IRQHandler                   0x08001cbd   Thumb Code     8  stm32f0xx_hal_cortex.o(i.HAL_SYSTICK_IRQHandler)
    HAL_TIMEx_BreakCallback                  0x08001cc5   Thumb Code     2  stm32f0xx_hal_tim_ex.o(i.HAL_TIMEx_BreakCallback)
    HAL_TIMEx_CommutationCallback            0x08001cc7   Thumb Code     2  stm32f0xx_hal_tim_ex.o(i.HAL_TIMEx_CommutationCallback)
    HAL_TIMEx_MasterConfigSynchronization    0x08001cc9   Thumb Code    72  stm32f0xx_hal_tim_ex.o(i.HAL_TIMEx_MasterConfigSynchronization)
    HAL_TIM_Base_Init                        0x08001d11   Thumb Code    52  stm32f0xx_hal_tim.o(i.HAL_TIM_Base_Init)
    HAL_TIM_Base_MspInit                     0x08001d45   Thumb Code    44  stm32f0xx_hal_msp.o(i.HAL_TIM_Base_MspInit)
    HAL_TIM_Base_Start_IT                    0x08001d79   Thumb Code    22  stm32f0xx_hal_tim.o(i.HAL_TIM_Base_Start_IT)
    HAL_TIM_ConfigClockSource                0x08001d8f   Thumb Code   238  stm32f0xx_hal_tim.o(i.HAL_TIM_ConfigClockSource)
    HAL_TIM_IC_CaptureCallback               0x08001e7d   Thumb Code     2  stm32f0xx_hal_tim.o(i.HAL_TIM_IC_CaptureCallback)
    HAL_TIM_IRQHandler                       0x08001e7f   Thumb Code   354  stm32f0xx_hal_tim.o(i.HAL_TIM_IRQHandler)
    HAL_TIM_OC_DelayElapsedCallback          0x08001fe1   Thumb Code     2  stm32f0xx_hal_tim.o(i.HAL_TIM_OC_DelayElapsedCallback)
    HAL_TIM_PWM_PulseFinishedCallback        0x08001fe3   Thumb Code     2  stm32f0xx_hal_tim.o(i.HAL_TIM_PWM_PulseFinishedCallback)
    HAL_TIM_PeriodElapsedCallback            0x08001fe5   Thumb Code   190  main.o(i.HAL_TIM_PeriodElapsedCallback)
    HAL_TIM_TriggerCallback                  0x080020c9   Thumb Code     2  stm32f0xx_hal_tim.o(i.HAL_TIM_TriggerCallback)
    HAL_UART_Init                            0x080020cb   Thumb Code   108  stm32f0xx_hal_uart.o(i.HAL_UART_Init)
    HAL_UART_MspInit                         0x08002139   Thumb Code   110  stm32f0xx_hal_msp.o(i.HAL_UART_MspInit)
    HAL_UART_Transmit                        0x080021d5   Thumb Code   200  stm32f0xx_hal_uart.o(i.HAL_UART_Transmit)
    HardFault_Handler                        0x0800229d   Thumb Code     2  stm32f0xx_it.o(i.HardFault_Handler)
    I2C_readData                             0x080024b9   Thumb Code   194  main.o(i.I2C_readData)
    MPU_Config                               0x0800259d   Thumb Code    72  main.o(i.MPU_Config)
    MajorPeak                                0x080026d5   Thumb Code   300  main.o(i.MajorPeak)
    NMI_Handler                              0x08002801   Thumb Code     2  stm32f0xx_it.o(i.NMI_Handler)
    PendSV_Handler                           0x08002849   Thumb Code     2  stm32f0xx_it.o(i.PendSV_Handler)
    SVC_Handler                              0x0800284b   Thumb Code     2  stm32f0xx_it.o(i.SVC_Handler)
    Swap                                     0x0800284d   Thumb Code    16  main.o(i.Swap)
    SysTick_Handler                          0x0800285d   Thumb Code    12  stm32f0xx_it.o(i.SysTick_Handler)
    SystemClock_Config                       0x08002869   Thumb Code   112  main.o(i.SystemClock_Config)
    SystemInit                               0x080028d9   Thumb Code    78  system_stm32f0xx.o(i.SystemInit)
    TIM3_IRQHandler                          0x08002935   Thumb Code    10  stm32f0xx_it.o(i.TIM3_IRQHandler)
    TIM_Base_SetConfig                       0x08002945   Thumb Code   100  stm32f0xx_hal_tim.o(i.TIM_Base_SetConfig)
    TIM_ETR_SetConfig                        0x080029bd   Thumb Code    22  stm32f0xx_hal_tim.o(i.TIM_ETR_SetConfig)
    UART_AdvFeatureConfig                    0x08002a2b   Thumb Code   202  stm32f0xx_hal_uart.o(i.UART_AdvFeatureConfig)
    UART_CheckIdleState                      0x08002af5   Thumb Code    18  stm32f0xx_hal_uart.o(i.UART_CheckIdleState)
    UART_SetConfig                           0x08002b09   Thumb Code   258  stm32f0xx_hal_uart.o(i.UART_SetConfig)
    UART_WaitOnFlagUntilTimeout              0x08002c1d   Thumb Code    98  stm32f0xx_hal_uart.o(i.UART_WaitOnFlagUntilTimeout)
    Windowing                                0x08002c81   Thumb Code   144  main.o(i.Windowing)
    _Error_Handler                           0x08002d2d   Thumb Code     2  main.o(i._Error_Handler)
    __0printf$1                              0x08002d31   Thumb Code    24  printf1.o(i.__0printf$1)
    __1printf$1                              0x08002d31   Thumb Code     0  printf1.o(i.__0printf$1)
    __2printf                                0x08002d31   Thumb Code     0  printf1.o(i.__0printf$1)
    __ARM_clz                                0x08002d51   Thumb Code    46  depilogue.o(i.__ARM_clz)
    __ARM_common_ll_muluu                    0x08002d7f   Thumb Code    50  rred.o(i.__ARM_common_ll_muluu)
    __ARM_fpclassify                         0x08002db1   Thumb Code    40  fpclassify.o(i.__ARM_fpclassify)
    __ARM_fpclassifyf                        0x08002ddd   Thumb Code    34  fpclassifyf.o(i.__ARM_fpclassifyf)
    __ieee754_rem_pio2                       0x08002e01   Thumb Code   838  rred.o(i.__ieee754_rem_pio2)
    __kernel_cos                             0x0800319d   Thumb Code   224  cos_i.o(i.__kernel_cos)
    __kernel_poly                            0x08003291   Thumb Code   172  poly.o(i.__kernel_poly)
    __kernel_sin                             0x0800333d   Thumb Code   222  sin_i.o(i.__kernel_sin)
    __mathlib_dbl_infnan                     0x08003429   Thumb Code    10  dunder.o(i.__mathlib_dbl_infnan)
    __mathlib_dbl_invalid                    0x08003433   Thumb Code    16  dunder.o(i.__mathlib_dbl_invalid)
    __mathlib_dbl_underflow                  0x08003445   Thumb Code    14  dunder.o(i.__mathlib_dbl_underflow)
    __mathlib_flt_infnan2                    0x08003459   Thumb Code     8  funder.o(i.__mathlib_flt_infnan2)
    __mathlib_flt_underflow                  0x08003461   Thumb Code    14  funder.o(i.__mathlib_flt_underflow)
    __scatterload_copy                       0x0800346f   Thumb Code    14  handlers.o(i.__scatterload_copy)
    __scatterload_null                       0x0800347d   Thumb Code     2  handlers.o(i.__scatterload_null)
    __scatterload_zeroinit                   0x0800347f   Thumb Code    14  handlers.o(i.__scatterload_zeroinit)
    __set_errno                              0x0800348d   Thumb Code     6  errno.o(i.__set_errno)
    atan2f                                   0x080035e9   Thumb Code   526  atan2f.o(i.atan2f)
    cos                                      0x08003845   Thumb Code   142  cos.o(i.cos)
    fputc                                    0x080038dd   Thumb Code    24  main.o(i.fputc)
    main                                     0x080038f9   Thumb Code   180  main.o(i.main)
    round                                    0x080039c1   Thumb Code   142  round.o(i.round)
    sqrt                                     0x08003a5d   Thumb Code    66  sqrt.o(i.sqrt)
    AHBPrescTable                            0x08003aa4   Data          16  system_stm32f0xx.o(.constdata)
    APBPrescTable                            0x08003ab4   Data           8  system_stm32f0xx.o(.constdata)
    Region$$Table$$Base                      0x08003be0   Number         0  anon$$obj.o(Region$$Table)
    Region$$Table$$Limit                     0x08003c00   Number         0  anon$$obj.o(Region$$Table)
    aX                                       0x20000000   Data           2  main.o(.data)
    aY                                       0x20000002   Data           2  main.o(.data)
    aZ                                       0x20000004   Data           2  main.o(.data)
    gX                                       0x20000006   Data           2  main.o(.data)
    gY                                       0x20000008   Data           2  main.o(.data)
    gZ                                       0x2000000a   Data           2  main.o(.data)
    pitch                                    0x20000010   Data           4  main.o(.data)
    roll                                     0x20000014   Data           4  main.o(.data)
    i2cBuf                                   0x20000018   Data           8  main.o(.data)
    uwTick                                   0x20000020   Data           4  stm32f0xx_hal.o(.data)
    SystemCoreClock                          0x20000024   Data           4  system_stm32f0xx.o(.data)
    __stdout                                 0x20000028   Data           4  stdout.o(.data)
    hi2c1                                    0x20000030   Data          76  main.o(.bss)
    htim3                                    0x2000007c   Data          64  main.o(.bss)
    huart1                                   0x200000bc   Data         112  main.o(.bss)
    rData                                    0x20000130   Data        1024  main.o(.bss)
    iData                                    0x20000530   Data        1024  main.o(.bss)
    hdma_usart1_rx                           0x20000930   Data          68  main.o(.bss)
    __initial_sp                             0x20000d78   Data           0  startup_stm32f030x6.o(STACK)



==============================================================================

Memory Map of the image

  Image Entry point : 0x080000b1

  Load Region LR_IROM1 (Base: 0x08000000, Size: 0x00003c30, Max: 0x00004000, ABSOLUTE)

    Execution Region ER_IROM1 (Exec base: 0x08000000, Load base: 0x08000000, Size: 0x00003c00, Max: 0x00004000, ABSOLUTE)

    Exec Addr    Load Addr    Size         Type   Attr      Idx    E Section Name        Object

    0x08000000   0x08000000   0x000000b0   Data   RO            3    RESET               startup_stm32f030x6.o
    0x080000b0   0x080000b0   0x00000000   Code   RO         2887  * .ARM.Collect$$$$00000000  mc_p.l(entry.o)
    0x080000b0   0x080000b0   0x00000004   Code   RO         3231    .ARM.Collect$$$$00000001  mc_p.l(entry2.o)
    0x080000b4   0x080000b4   0x00000004   Code   RO         3234    .ARM.Collect$$$$00000004  mc_p.l(entry5.o)
    0x080000b8   0x080000b8   0x00000000   Code   RO         3236    .ARM.Collect$$$$00000008  mc_p.l(entry7b.o)
    0x080000b8   0x080000b8   0x00000000   Code   RO         3238    .ARM.Collect$$$$0000000A  mc_p.l(entry8b.o)
    0x080000b8   0x080000b8   0x00000008   Code   RO         3239    .ARM.Collect$$$$0000000B  mc_p.l(entry9a.o)
    0x080000c0   0x080000c0   0x00000000   Code   RO         3241    .ARM.Collect$$$$0000000D  mc_p.l(entry10a.o)
    0x080000c0   0x080000c0   0x00000000   Code   RO         3243    .ARM.Collect$$$$0000000F  mc_p.l(entry11a.o)
    0x080000c0   0x080000c0   0x00000004   Code   RO         3232    .ARM.Collect$$$$00002712  mc_p.l(entry2.o)
    0x080000c4   0x080000c4   0x0000001c   Code   RO            4    .text               startup_stm32f030x6.o
    0x080000e0   0x080000e0   0x0000002c   Code   RO         2890    .text               mc_p.l(uidiv.o)
    0x0800010c   0x0800010c   0x00000022   Code   RO         2892    .text               mc_p.l(llushr.o)
    0x0800012e   0x0800012e   0x000000b2   Code   RO         3155    .text               mf_p.l(fadd.o)
    0x080001e0   0x080001e0   0x0000007a   Code   RO         3157    .text               mf_p.l(fmul.o)
    0x0800025a   0x0800025a   0x00000002   PAD
    0x0800025c   0x0800025c   0x00000164   Code   RO         3159    .text               mf_p.l(dadd.o)
    0x080003c0   0x080003c0   0x000000d0   Code   RO         3161    .text               mf_p.l(dmul.o)
    0x08000490   0x08000490   0x000000f0   Code   RO         3163    .text               mf_p.l(ddiv.o)
    0x08000580   0x08000580   0x0000002c   Code   RO         3165    .text               mf_p.l(dscalb.o)
    0x080005ac   0x080005ac   0x00000016   Code   RO         3167    .text               mf_p.l(fflti.o)
    0x080005c2   0x080005c2   0x00000002   PAD
    0x080005c4   0x080005c4   0x00000028   Code   RO         3169    .text               mf_p.l(dflti.o)
    0x080005ec   0x080005ec   0x0000001c   Code   RO         3171    .text               mf_p.l(dfltui.o)
    0x08000608   0x08000608   0x00000032   Code   RO         3173    .text               mf_p.l(ffixi.o)
    0x0800063a   0x0800063a   0x00000002   PAD
    0x0800063c   0x0800063c   0x00000048   Code   RO         3175    .text               mf_p.l(dfixi.o)
    0x08000684   0x08000684   0x00000028   Code   RO         3177    .text               mf_p.l(f2d.o)
    0x080006ac   0x080006ac   0x00000028   Code   RO         3179    .text               mf_p.l(cdcmple.o)
    0x080006d4   0x080006d4   0x00000028   Code   RO         3181    .text               mf_p.l(cdrcmple.o)
    0x080006fc   0x080006fc   0x00000038   Code   RO         3183    .text               mf_p.l(d2f.o)
    0x08000734   0x08000734   0x00000020   Code   RO         3248    .text               mc_p.l(llshl.o)
    0x08000754   0x08000754   0x00000026   Code   RO         3250    .text               mc_p.l(llsshr.o)
    0x0800077a   0x0800077a   0x00000000   Code   RO         3259    .text               mc_p.l(iusefp.o)
    0x0800077a   0x0800077a   0x00000082   Code   RO         3260    .text               mf_p.l(fepilogue.o)
    0x080007fc   0x080007fc   0x0000007c   Code   RO         3262    .text               mf_p.l(fdiv.o)
    0x08000878   0x08000878   0x000000be   Code   RO         3264    .text               mf_p.l(depilogue.o)
    0x08000936   0x08000936   0x000000a2   Code   RO         3268    .text               mf_p.l(dsqrt.o)
    0x080009d8   0x080009d8   0x0000007c   Code   RO         3270    .text               mf_p.l(drnd.o)
    0x08000a54   0x08000a54   0x00000024   Code   RO         3278    .text               mc_p.l(init.o)
    0x08000a78   0x08000a78   0x00000018   Code   RO         3280    .text               mf_p.l(fscalb.o)
    0x08000a90   0x08000a90   0x00000178   Code   RO           12    i.ComplementaryFilter  main.o
    0x08000c08   0x08000c08   0x00000046   Code   RO           13    i.ComplexToMagnitude  main.o
    0x08000c4e   0x08000c4e   0x00000002   PAD
    0x08000c50   0x08000c50   0x000001e4   Code   RO           14    i.Compute           main.o
    0x08000e34   0x08000e34   0x00000010   Code   RO          228    i.DMA1_Channel2_3_IRQHandler  stm32f0xx_it.o
    0x08000e44   0x08000e44   0x00000024   Code   RO         2369    i.DMA_CalcBaseAndBitshift  stm32f0xx_hal_dma.o
    0x08000e68   0x08000e68   0x00000014   Code   RO           15    i.Exponent          main.o
    0x08000e7c   0x08000e7c   0x0000009c   Code   RO         2376    i.HAL_DMA_IRQHandler  stm32f0xx_hal_dma.o
    0x08000f18   0x08000f18   0x00000058   Code   RO         2377    i.HAL_DMA_Init      stm32f0xx_hal_dma.o
    0x08000f70   0x08000f70   0x00000148   Code   RO         2310    i.HAL_GPIO_Init     stm32f0xx_hal_gpio.o
    0x080010b8   0x080010b8   0x0000000c   Code   RO         2314    i.HAL_GPIO_WritePin  stm32f0xx_hal_gpio.o
    0x080010c4   0x080010c4   0x0000000c   Code   RO         2179    i.HAL_GetTick       stm32f0xx_hal.o
    0x080010d0   0x080010d0   0x0000004a   Code   RO          769    i.HAL_I2CEx_ConfigAnalogFilter  stm32f0xx_hal_i2c_ex.o
    0x0800111a   0x0800111a   0x00000048   Code   RO          770    i.HAL_I2CEx_ConfigDigitalFilter  stm32f0xx_hal_i2c_ex.o
    0x08001162   0x08001162   0x00000002   PAD
    0x08001164   0x08001164   0x000000b4   Code   RO          356    i.HAL_I2C_Init      stm32f0xx_hal_i2c.o
    0x08001218   0x08001218   0x0000011c   Code   RO          357    i.HAL_I2C_IsDeviceReady  stm32f0xx_hal_i2c.o
    0x08001334   0x08001334   0x00000118   Code   RO          362    i.HAL_I2C_Master_Receive  stm32f0xx_hal_i2c.o
    0x0800144c   0x0800144c   0x00000118   Code   RO          367    i.HAL_I2C_Master_Transmit  stm32f0xx_hal_i2c.o
    0x08001564   0x08001564   0x0000004c   Code   RO          289    i.HAL_I2C_MspInit   stm32f0xx_hal_msp.o
    0x080015b0   0x080015b0   0x00000010   Code   RO         2183    i.HAL_IncTick       stm32f0xx_hal.o
    0x080015c0   0x080015c0   0x00000020   Code   RO         2184    i.HAL_Init          stm32f0xx_hal.o
    0x080015e0   0x080015e0   0x00000022   Code   RO         2185    i.HAL_InitTick      stm32f0xx_hal.o
    0x08001602   0x08001602   0x00000002   PAD
    0x08001604   0x08001604   0x00000044   Code   RO          290    i.HAL_MspInit       stm32f0xx_hal_msp.o
    0x08001648   0x08001648   0x00000014   Code   RO         2467    i.HAL_NVIC_EnableIRQ  stm32f0xx_hal_cortex.o
    0x0800165c   0x0800165c   0x00000008   Code   RO         2471    i.HAL_NVIC_SetPriority  stm32f0xx_hal_cortex.o
    0x08001664   0x08001664   0x000000e8   Code   RO         2140    i.HAL_RCCEx_PeriphCLKConfig  stm32f0xx_hal_rcc_ex.o
    0x0800174c   0x0800174c   0x0000012c   Code   RO         2047    i.HAL_RCC_ClockConfig  stm32f0xx_hal_rcc.o
    0x08001878   0x08001878   0x0000000c   Code   RO         2052    i.HAL_RCC_GetHCLKFreq  stm32f0xx_hal_rcc.o
    0x08001884   0x08001884   0x00000020   Code   RO         2054    i.HAL_RCC_GetPCLK1Freq  stm32f0xx_hal_rcc.o
    0x080018a4   0x080018a4   0x00000078   Code   RO         2055    i.HAL_RCC_GetSysClockFreq  stm32f0xx_hal_rcc.o
    0x0800191c   0x0800191c   0x00000354   Code   RO         2058    i.HAL_RCC_OscConfig  stm32f0xx_hal_rcc.o
    0x08001c70   0x08001c70   0x00000018   Code   RO         2473    i.HAL_SYSTICK_CLKSourceConfig  stm32f0xx_hal_cortex.o
    0x08001c88   0x08001c88   0x00000002   Code   RO         2474    i.HAL_SYSTICK_Callback  stm32f0xx_hal_cortex.o
    0x08001c8a   0x08001c8a   0x00000002   PAD
    0x08001c8c   0x08001c8c   0x00000030   Code   RO         2475    i.HAL_SYSTICK_Config  stm32f0xx_hal_cortex.o
    0x08001cbc   0x08001cbc   0x00000008   Code   RO         2476    i.HAL_SYSTICK_IRQHandler  stm32f0xx_hal_cortex.o
    0x08001cc4   0x08001cc4   0x00000002   Code   RO         1448    i.HAL_TIMEx_BreakCallback  stm32f0xx_hal_tim_ex.o
    0x08001cc6   0x08001cc6   0x00000002   Code   RO         1449    i.HAL_TIMEx_CommutationCallback  stm32f0xx_hal_tim_ex.o
    0x08001cc8   0x08001cc8   0x00000048   Code   RO         1465    i.HAL_TIMEx_MasterConfigSynchronization  stm32f0xx_hal_tim_ex.o
    0x08001d10   0x08001d10   0x00000034   Code   RO          809    i.HAL_TIM_Base_Init  stm32f0xx_hal_tim.o
    0x08001d44   0x08001d44   0x00000034   Code   RO          292    i.HAL_TIM_Base_MspInit  stm32f0xx_hal_msp.o
    0x08001d78   0x08001d78   0x00000016   Code   RO          814    i.HAL_TIM_Base_Start_IT  stm32f0xx_hal_tim.o
    0x08001d8e   0x08001d8e   0x000000ee   Code   RO          818    i.HAL_TIM_ConfigClockSource  stm32f0xx_hal_tim.o
    0x08001e7c   0x08001e7c   0x00000002   Code   RO          840    i.HAL_TIM_IC_CaptureCallback  stm32f0xx_hal_tim.o
    0x08001e7e   0x08001e7e   0x00000162   Code   RO          853    i.HAL_TIM_IRQHandler  stm32f0xx_hal_tim.o
    0x08001fe0   0x08001fe0   0x00000002   Code   RO          856    i.HAL_TIM_OC_DelayElapsedCallback  stm32f0xx_hal_tim.o
    0x08001fe2   0x08001fe2   0x00000002   Code   RO          883    i.HAL_TIM_PWM_PulseFinishedCallback  stm32f0xx_hal_tim.o
    0x08001fe4   0x08001fe4   0x000000e4   Code   RO           16    i.HAL_TIM_PeriodElapsedCallback  main.o
    0x080020c8   0x080020c8   0x00000002   Code   RO          894    i.HAL_TIM_TriggerCallback  stm32f0xx_hal_tim.o
    0x080020ca   0x080020ca   0x0000006c   Code   RO         1707    i.HAL_UART_Init     stm32f0xx_hal_uart.o
    0x08002136   0x08002136   0x00000002   PAD
    0x08002138   0x08002138   0x0000009c   Code   RO          294    i.HAL_UART_MspInit  stm32f0xx_hal_msp.o
    0x080021d4   0x080021d4   0x000000c8   Code   RO         1715    i.HAL_UART_Transmit  stm32f0xx_hal_uart.o
    0x0800229c   0x0800229c   0x00000002   Code   RO          229    i.HardFault_Handler  stm32f0xx_it.o
    0x0800229e   0x0800229e   0x00000022   Code   RO          398    i.I2C_Flush_TXDR    stm32f0xx_hal_i2c.o
    0x080022c0   0x080022c0   0x00000074   Code   RO          406    i.I2C_IsAcknowledgeFailed  stm32f0xx_hal_i2c.o
    0x08002334   0x08002334   0x00000024   Code   RO          413    i.I2C_TransferConfig  stm32f0xx_hal_i2c.o
    0x08002358   0x08002358   0x00000048   Code   RO          414    i.I2C_WaitOnFlagUntilTimeout  stm32f0xx_hal_i2c.o
    0x080023a0   0x080023a0   0x00000078   Code   RO          415    i.I2C_WaitOnRXNEFlagUntilTimeout  stm32f0xx_hal_i2c.o
    0x08002418   0x08002418   0x0000004e   Code   RO          416    i.I2C_WaitOnSTOPFlagUntilTimeout  stm32f0xx_hal_i2c.o
    0x08002466   0x08002466   0x00000052   Code   RO          417    i.I2C_WaitOnTXISFlagUntilTimeout  stm32f0xx_hal_i2c.o
    0x080024b8   0x080024b8   0x000000e4   Code   RO           17    i.I2C_readData      main.o
    0x0800259c   0x0800259c   0x00000050   Code   RO           18    i.MPU_Config        main.o
    0x080025ec   0x080025ec   0x00000054   Code   RO           19    i.MX_I2C1_Init      main.o
    0x08002640   0x08002640   0x0000005c   Code   RO           20    i.MX_TIM3_Init      main.o
    0x0800269c   0x0800269c   0x00000038   Code   RO           21    i.MX_USART1_UART_Init  main.o
    0x080026d4   0x080026d4   0x0000012c   Code   RO           22    i.MajorPeak         main.o
    0x08002800   0x08002800   0x00000002   Code   RO          230    i.NMI_Handler       stm32f0xx_it.o
    0x08002802   0x08002802   0x00000002   PAD
    0x08002804   0x08002804   0x00000044   Code   RO         2477    i.NVIC_SetPriority  stm32f0xx_hal_cortex.o
    0x08002848   0x08002848   0x00000002   Code   RO          231    i.PendSV_Handler    stm32f0xx_it.o
    0x0800284a   0x0800284a   0x00000002   Code   RO          232    i.SVC_Handler       stm32f0xx_it.o
    0x0800284c   0x0800284c   0x00000010   Code   RO           23    i.Swap              main.o
    0x0800285c   0x0800285c   0x0000000c   Code   RO          233    i.SysTick_Handler   stm32f0xx_it.o
    0x08002868   0x08002868   0x00000070   Code   RO           24    i.SystemClock_Config  main.o
    0x080028d8   0x080028d8   0x0000005c   Code   RO         2830    i.SystemInit        system_stm32f0xx.o
    0x08002934   0x08002934   0x00000010   Code   RO          234    i.TIM3_IRQHandler   stm32f0xx_it.o
    0x08002944   0x08002944   0x00000078   Code   RO          895    i.TIM_Base_SetConfig  stm32f0xx_hal_tim.o
    0x080029bc   0x080029bc   0x00000016   Code   RO          902    i.TIM_ETR_SetConfig  stm32f0xx_hal_tim.o
    0x080029d2   0x080029d2   0x00000010   Code   RO          903    i.TIM_ITRx_SetConfig  stm32f0xx_hal_tim.o
    0x080029e2   0x080029e2   0x00000022   Code   RO          909    i.TIM_TI1_ConfigInputStage  stm32f0xx_hal_tim.o
    0x08002a04   0x08002a04   0x00000026   Code   RO          911    i.TIM_TI2_ConfigInputStage  stm32f0xx_hal_tim.o
    0x08002a2a   0x08002a2a   0x000000ca   Code   RO         1720    i.UART_AdvFeatureConfig  stm32f0xx_hal_uart.o
    0x08002af4   0x08002af4   0x00000012   Code   RO         1721    i.UART_CheckIdleState  stm32f0xx_hal_uart.o
    0x08002b06   0x08002b06   0x00000002   PAD
    0x08002b08   0x08002b08   0x00000114   Code   RO         1736    i.UART_SetConfig    stm32f0xx_hal_uart.o
    0x08002c1c   0x08002c1c   0x00000062   Code   RO         1738    i.UART_WaitOnFlagUntilTimeout  stm32f0xx_hal_uart.o
    0x08002c7e   0x08002c7e   0x00000002   PAD
    0x08002c80   0x08002c80   0x000000ac   Code   RO           25    i.Windowing         main.o
    0x08002d2c   0x08002d2c   0x00000002   Code   RO           26    i._Error_Handler    main.o
    0x08002d2e   0x08002d2e   0x00000002   PAD
    0x08002d30   0x08002d30   0x00000020   Code   RO         2939    i.__0printf$1       mc_p.l(printf1.o)
    0x08002d50   0x08002d50   0x0000002e   Code   RO         3266    i.__ARM_clz         mf_p.l(depilogue.o)
    0x08002d7e   0x08002d7e   0x00000032   Code   RO         3223    i.__ARM_common_ll_muluu  m_ps.l(rred.o)
    0x08002db0   0x08002db0   0x0000002c   Code   RO         3274    i.__ARM_fpclassify  m_ps.l(fpclassify.o)
    0x08002ddc   0x08002ddc   0x00000022   Code   RO         3202    i.__ARM_fpclassifyf  m_ps.l(fpclassifyf.o)
    0x08002dfe   0x08002dfe   0x00000002   PAD
    0x08002e00   0x08002e00   0x0000039c   Code   RO         3218    i.__ieee754_rem_pio2  m_ps.l(rred.o)
    0x0800319c   0x0800319c   0x000000f4   Code   RO         3185    i.__kernel_cos      m_ps.l(cos_i.o)
    0x08003290   0x08003290   0x000000ac   Code   RO         3276    i.__kernel_poly     m_ps.l(poly.o)
    0x0800333c   0x0800333c   0x000000ec   Code   RO         3225    i.__kernel_sin      m_ps.l(sin_i.o)
    0x08003428   0x08003428   0x0000000a   Code   RO         3189    i.__mathlib_dbl_infnan  m_ps.l(dunder.o)
    0x08003432   0x08003432   0x00000010   Code   RO         3191    i.__mathlib_dbl_invalid  m_ps.l(dunder.o)
    0x08003442   0x08003442   0x00000002   PAD
    0x08003444   0x08003444   0x00000014   Code   RO         3194    i.__mathlib_dbl_underflow  m_ps.l(dunder.o)
    0x08003458   0x08003458   0x00000008   Code   RO         3206    i.__mathlib_flt_infnan2  m_ps.l(funder.o)
    0x08003460   0x08003460   0x0000000e   Code   RO         3210    i.__mathlib_flt_underflow  m_ps.l(funder.o)
    0x0800346e   0x0800346e   0x0000000e   Code   RO         3284    i.__scatterload_copy  mc_p.l(handlers.o)
    0x0800347c   0x0800347c   0x00000002   Code   RO         3285    i.__scatterload_null  mc_p.l(handlers.o)
    0x0800347e   0x0800347e   0x0000000e   Code   RO         3286    i.__scatterload_zeroinit  mc_p.l(handlers.o)
    0x0800348c   0x0800348c   0x0000000c   Code   RO         3254    i.__set_errno       mc_p.l(errno.o)
    0x08003498   0x08003498   0x00000150   Code   RO         2946    i._printf_core      mc_p.l(printf1.o)
    0x080035e8   0x080035e8   0x0000025c   Code   RO         2862    i.atan2f            m_ps.l(atan2f.o)
    0x08003844   0x08003844   0x00000098   Code   RO         2870    i.cos               m_ps.l(cos.o)
    0x080038dc   0x080038dc   0x0000001c   Code   RO           27    i.fputc             main.o
    0x080038f8   0x080038f8   0x000000c8   Code   RO           28    i.main              main.o
    0x080039c0   0x080039c0   0x0000009c   Code   RO         2877    i.round             m_ps.l(round.o)
    0x08003a5c   0x08003a5c   0x00000048   Code   RO         2880    i.sqrt              m_ps.l(sqrt.o)
    0x08003aa4   0x08003aa4   0x00000010   Data   RO         2831    .constdata          system_stm32f0xx.o
    0x08003ab4   0x08003ab4   0x00000008   Data   RO         2832    .constdata          system_stm32f0xx.o
    0x08003abc   0x08003abc   0x00000004   PAD
    0x08003ac0   0x08003ac0   0x00000030   Data   RO         3186    .constdata          m_ps.l(cos_i.o)
    0x08003af0   0x08003af0   0x000000c8   Data   RO         3220    .constdata          m_ps.l(rred.o)
    0x08003bb8   0x08003bb8   0x00000028   Data   RO         3226    .constdata          m_ps.l(sin_i.o)
    0x08003be0   0x08003be0   0x00000020   Data   RO         3282    Region$$Table       anon$$obj.o


    Execution Region RW_IRAM1 (Exec base: 0x20000000, Load base: 0x08003c00, Size: 0x00000d78, Max: 0x00001000, ABSOLUTE)

    Exec Addr    Load Addr    Size         Type   Attr      Idx    E Section Name        Object

    0x20000000   0x08003c00   0x00000020   Data   RW           31    .data               main.o
    0x20000020   0x08003c20   0x00000004   Data   RW         2190    .data               stm32f0xx_hal.o
    0x20000024   0x08003c24   0x00000004   Data   RW         2833    .data               system_stm32f0xx.o
    0x20000028   0x08003c28   0x00000004   Data   RW         3245    .data               mc_p.l(stdout.o)
    0x2000002c   0x08003c2c   0x00000004   Data   RW         3255    .data               mc_p.l(errno.o)
    0x20000030        -       0x00000900   Zero   RW           29    .bss                main.o
    0x20000930        -       0x00000044   Zero   RW           30    .bss                main.o
    0x20000974   0x08003c30   0x00000004   PAD
    0x20000978        -       0x00000400   Zero   RW            1    STACK               startup_stm32f030x6.o


==============================================================================

Image component sizes


      Code (inc. data)   RO Data    RW Data    ZI Data      Debug   Object Name

      2548        228          0         32       2372     277352   main.o
        28          8        176          0       1024        628   startup_stm32f030x6.o
        94         18          0          4          0       3043   stm32f0xx_hal.o
       178         28          0          0          0      10499   stm32f0xx_hal_cortex.o
       280         14          0          0          0       2480   stm32f0xx_hal_dma.o
       340         26          0          0          0       2240   stm32f0xx_hal_gpio.o
      1562         38          0          0          0      11854   stm32f0xx_hal_i2c.o
       146          0          0          0          0       1895   stm32f0xx_hal_i2c_ex.o
       352         68          0          0          0       2779   stm32f0xx_hal_msp.o
      1316         94          0          0          0       4985   stm32f0xx_hal_rcc.o
       232         14          0          0          0       1356   stm32f0xx_hal_rcc_ex.o
       904         20          0          0          0       9341   stm32f0xx_hal_tim.o
        76          0          0          0          0       2302   stm32f0xx_hal_tim_ex.o
       902         18          0          0          0       5769   stm32f0xx_hal_uart.o
        52         12          0          0          0       2986   stm32f0xx_it.o
        92         14         24          4          0       1135   system_stm32f0xx.o

    ----------------------------------------------------------------------
      9120        600        236         40       3400     340644   Object Totals
         0          0         32          0          0          0   (incl. Generated)
        18          0          4          0          4          0   (incl. Padding)

    ----------------------------------------------------------------------

      Code (inc. data)   RO Data    RW Data    ZI Data      Debug   Library Member Name

       604         78          0          0          0        120   atan2f.o
       152         10          0          0          0        104   cos.o
       244         20         48          0          0         92   cos_i.o
        46          6          0          0          0        204   dunder.o
        44          4          0          0          0         60   fpclassify.o
        34          0          0          0          0         60   fpclassifyf.o
        22          0          0          0          0        136   funder.o
       172          0          0          0          0         76   poly.o
       156         14          0          0          0         84   round.o
       974         86        200          0          0        200   rred.o
       236         14         40          0          0        100   sin_i.o
        72          6          0          0          0         76   sqrt.o
         0          0          0          0          0          0   entry.o
         0          0          0          0          0          0   entry10a.o
         0          0          0          0          0          0   entry11a.o
         8          4          0          0          0          0   entry2.o
         4          0          0          0          0          0   entry5.o
         0          0          0          0          0          0   entry7b.o
         0          0          0          0          0          0   entry8b.o
         8          4          0          0          0          0   entry9a.o
        12          6          0          4          0         60   errno.o
        30          0          0          0          0          0   handlers.o
        36          8          0          0          0         68   init.o
         0          0          0          0          0          0   iusefp.o
        32          0          0          0          0         68   llshl.o
        38          0          0          0          0         68   llsshr.o
        34          0          0          0          0         68   llushr.o
       368         12          0          0          0        168   printf1.o
         0          0          0          4          0          0   stdout.o
        44          0          0          0          0         72   uidiv.o
        40          2          0          0          0         68   cdcmple.o
        40          2          0          0          0         68   cdrcmple.o
        56          0          0          0          0         68   d2f.o
       356          4          0          0          0        140   dadd.o
       240          6          0          0          0         84   ddiv.o
       236          0          0          0          0        216   depilogue.o
        72         10          0          0          0         72   dfixi.o
        40          6          0          0          0         68   dflti.o
        28          4          0          0          0         68   dfltui.o
       208          6          0          0          0         88   dmul.o
       124         10          0          0          0         76   drnd.o
        44          0          0          0          0         72   dscalb.o
       162          0          0          0          0         80   dsqrt.o
        40          0          0          0          0         60   f2d.o
       178          0          0          0          0        108   fadd.o
       124          0          0          0          0         72   fdiv.o
       130          0          0          0          0        144   fepilogue.o
        50          0          0          0          0         60   ffixi.o
        22          0          0          0          0         68   fflti.o
       122          0          0          0          0         72   fmul.o
        24          0          0          0          0         60   fscalb.o

    ----------------------------------------------------------------------
      5716        322        288          8          0       3696   Library Totals
        10          0          0          0          0          0   (incl. Padding)

    ----------------------------------------------------------------------

      Code (inc. data)   RO Data    RW Data    ZI Data      Debug   Library Name

      2756        238        288          0          0       1312   m_ps.l
       614         34          0          8          0        572   mc_p.l
      2336         50          0          0          0       1812   mf_p.l

    ----------------------------------------------------------------------
      5716        322        288          8          0       3696   Library Totals

    ----------------------------------------------------------------------

==============================================================================


      Code (inc. data)   RO Data    RW Data    ZI Data      Debug   

     14836        922        524         48       3400     338888   Grand Totals
     14836        922        524         48       3400     338888   ELF Image Totals
     14836        922        524         48          0          0   ROM Totals

==============================================================================

    Total RO  Size (Code + RO Data)                15360 (  15.00kB)
    Total RW  Size (RW Data + ZI Data)              3448 (   3.37kB)
    Total ROM Size (Code + RO Data + RW Data)      15408 (  15.05kB)

==============================================================================

